Component: ARM Compiler 5.06 update 6 (build 750) Tool: armlink [4d35ed]

==============================================================================

Small function inlining results

Inlined total of 0 calls.

==============================================================================

Image Symbol Table

    Local Symbols

    Symbol Name                              Value     Ov Type        Size  Object(Section)

    RESET                                    0x00000000   Section      500  startup_m480.o(RESET)
    ../clib/microlib/division.c              0x00000000   Number         0  uidiv.o ABSOLUTE
    ../clib/microlib/division.c              0x00000000   Number         0  uldiv.o ABSOLUTE
    ../clib/microlib/init/entry.s            0x00000000   Number         0  entry2.o ABSOLUTE
    ../clib/microlib/init/entry.s            0x00000000   Number         0  entry.o ABSOLUTE
    ../clib/microlib/init/entry.s            0x00000000   Number         0  entry9b.o ABSOLUTE
    ../clib/microlib/init/entry.s            0x00000000   Number         0  entry11b.o ABSOLUTE
    ../clib/microlib/init/entry.s            0x00000000   Number         0  entry5.o ABSOLUTE
    ../clib/microlib/init/entry.s            0x00000000   Number         0  entry9a.o ABSOLUTE
    ../clib/microlib/init/entry.s            0x00000000   Number         0  entry7b.o ABSOLUTE
    ../clib/microlib/init/entry.s            0x00000000   Number         0  entry8a.o ABSOLUTE
    ../clib/microlib/init/entry.s            0x00000000   Number         0  entry10a.o ABSOLUTE
    ../clib/microlib/init/entry.s            0x00000000   Number         0  entry8b.o ABSOLUTE
    ../clib/microlib/init/entry.s            0x00000000   Number         0  entry10b.o ABSOLUTE
    ../clib/microlib/init/entry.s            0x00000000   Number         0  entry11a.o ABSOLUTE
    ../clib/microlib/init/entry.s            0x00000000   Number         0  entry7a.o ABSOLUTE
    ../clib/microlib/longlong.c              0x00000000   Number         0  llsshr.o ABSOLUTE
    ../clib/microlib/longlong.c              0x00000000   Number         0  llushr.o ABSOLUTE
    ../clib/microlib/longlong.c              0x00000000   Number         0  llshl.o ABSOLUTE
    ../clib/microlib/printf/printf.c         0x00000000   Number         0  printf3.o ABSOLUTE
    ../clib/microlib/printf/printf.c         0x00000000   Number         0  printf7.o ABSOLUTE
    ../clib/microlib/printf/printf.c         0x00000000   Number         0  printf2.o ABSOLUTE
    ../clib/microlib/printf/printf.c         0x00000000   Number         0  printf8.o ABSOLUTE
    ../clib/microlib/printf/printf.c         0x00000000   Number         0  printfa.o ABSOLUTE
    ../clib/microlib/printf/printf.c         0x00000000   Number         0  printf6.o ABSOLUTE
    ../clib/microlib/printf/printf.c         0x00000000   Number         0  printf5.o ABSOLUTE
    ../clib/microlib/printf/printf.c         0x00000000   Number         0  printf4.o ABSOLUTE
    ../clib/microlib/printf/printf.c         0x00000000   Number         0  printf1.o ABSOLUTE
    ../clib/microlib/printf/printf.c         0x00000000   Number         0  printf0.o ABSOLUTE
    ../clib/microlib/printf/printf.c         0x00000000   Number         0  printfb.o ABSOLUTE
    ../clib/microlib/printf/stubs.s          0x00000000   Number         0  stubs.o ABSOLUTE
    ../clib/microlib/stubs.s                 0x00000000   Number         0  iusefp.o ABSOLUTE
    ../fplib/microlib/fpadd.c                0x00000000   Number         0  dadd.o ABSOLUTE
    ../fplib/microlib/fpdiv.c                0x00000000   Number         0  ddiv.o ABSOLUTE
    ../fplib/microlib/fpepilogue.c           0x00000000   Number         0  depilogue.o ABSOLUTE
    ../fplib/microlib/fpfix.c                0x00000000   Number         0  dfixul.o ABSOLUTE
    ../fplib/microlib/fpmul.c                0x00000000   Number         0  dmul.o ABSOLUTE
    ..\..\..\..\Library\Device\Nuvoton\M480\Source\ARM\startup_M480.s 0x00000000   Number         0  startup_m480.o ABSOLUTE
    ..\..\..\..\Library\Device\Nuvoton\M480\Source\system_M480.c 0x00000000   Number         0  system_m480.o ABSOLUTE
    ..\..\..\..\Library\StdDriver\src\clk.c  0x00000000   Number         0  clk.o ABSOLUTE
    ..\..\..\..\Library\StdDriver\src\retarget.c 0x00000000   Number         0  retarget.o ABSOLUTE
    ..\..\..\..\Library\StdDriver\src\uart.c 0x00000000   Number         0  uart.o ABSOLUTE
    ..\..\..\..\Library\StdDriver\src\usci_i2c.c 0x00000000   Number         0  usci_i2c.o ABSOLUTE
    ..\\..\\..\\..\\Library\\Device\\Nuvoton\\M480\\Source\\system_M480.c 0x00000000   Number         0  system_m480.o ABSOLUTE
    ..\\..\\..\\..\\Library\\StdDriver\\src\\clk.c 0x00000000   Number         0  clk.o ABSOLUTE
    ..\\..\\..\\..\\Library\\StdDriver\\src\\retarget.c 0x00000000   Number         0  retarget.o ABSOLUTE
    ..\\..\\..\\..\\Library\\StdDriver\\src\\uart.c 0x00000000   Number         0  uart.o ABSOLUTE
    ..\\..\\..\\..\\Library\\StdDriver\\src\\usci_i2c.c 0x00000000   Number         0  usci_i2c.o ABSOLUTE
    ..\\main.c                               0x00000000   Number         0  main.o ABSOLUTE
    ..\main.c                                0x00000000   Number         0  main.o ABSOLUTE
    cdrcmple.s                               0x00000000   Number         0  cdrcmple.o ABSOLUTE
    handlers.s                               0x00000000   Number         0  handlers.o ABSOLUTE
    init.s                                   0x00000000   Number         0  init.o ABSOLUTE
    .ARM.Collect$$$$00000000                 0x000001f4   Section        0  entry.o(.ARM.Collect$$$$00000000)
    .ARM.Collect$$$$00000001                 0x000001f4   Section        4  entry2.o(.ARM.Collect$$$$00000001)
    .ARM.Collect$$$$00000004                 0x000001f8   Section        4  entry5.o(.ARM.Collect$$$$00000004)
    .ARM.Collect$$$$00000008                 0x000001fc   Section        0  entry7b.o(.ARM.Collect$$$$00000008)
    .ARM.Collect$$$$0000000A                 0x000001fc   Section        0  entry8b.o(.ARM.Collect$$$$0000000A)
    .ARM.Collect$$$$0000000B                 0x000001fc   Section        8  entry9a.o(.ARM.Collect$$$$0000000B)
    .ARM.Collect$$$$0000000D                 0x00000204   Section        0  entry10a.o(.ARM.Collect$$$$0000000D)
    .ARM.Collect$$$$0000000F                 0x00000204   Section        0  entry11a.o(.ARM.Collect$$$$0000000F)
    .ARM.Collect$$$$00002712                 0x00000204   Section        4  entry2.o(.ARM.Collect$$$$00002712)
    __lit__00000000                          0x00000204   Data           4  entry2.o(.ARM.Collect$$$$00002712)
    .emb_text                                0x00000208   Section       28  retarget.o(.emb_text)
    $v0                                      0x00000208   Number         0  retarget.o(.emb_text)
    .text                                    0x00000224   Section      104  startup_m480.o(.text)
    $v0                                      0x00000224   Number         0  startup_m480.o(.text)
    Default_Handler                          0x00000277   Thumb Code     2  startup_m480.o(.text)
    .text                                    0x0000028c   Section        0  uldiv.o(.text)
    .text                                    0x000002f0   Section       36  init.o(.text)
    .text                                    0x00000314   Section        0  llshl.o(.text)
    .text                                    0x00000332   Section        0  llushr.o(.text)
    i.CLK_DisablePLL                         0x00000352   Section        0  clk.o(i.CLK_DisablePLL)
    i.CLK_EnableModuleClock                  0x00000364   Section        0  clk.o(i.CLK_EnableModuleClock)
    i.CLK_EnablePLL                          0x00000380   Section        0  clk.o(i.CLK_EnablePLL)
    i.CLK_EnableXtalRC                       0x000004d4   Section        0  clk.o(i.CLK_EnableXtalRC)
    i.CLK_GetPCLK0Freq                       0x000004e4   Section        0  clk.o(i.CLK_GetPCLK0Freq)
    i.CLK_GetPCLK1Freq                       0x00000548   Section        0  clk.o(i.CLK_GetPCLK1Freq)
    i.CLK_GetPLLClockFreq                    0x000005b0   Section        0  clk.o(i.CLK_GetPLLClockFreq)
    i.CLK_SetCoreClock                       0x00000600   Section        0  clk.o(i.CLK_SetCoreClock)
    i.CLK_SetHCLK                            0x00000684   Section        0  clk.o(i.CLK_SetHCLK)
    i.CLK_SetModuleClock                     0x000006e8   Section        0  clk.o(i.CLK_SetModuleClock)
    i.CLK_WaitClockReady                     0x0000077c   Section        0  clk.o(i.CLK_WaitClockReady)
    i.Hard_Fault_Handler                     0x000007a8   Section        0  retarget.o(i.Hard_Fault_Handler)
    __tagsym$$used                           0x000007a9   Number         0  retarget.o(i.Hard_Fault_Handler)
    i.Read_Write_SLAVE                       0x000007d0   Section        0  main.o(i.Read_Write_SLAVE)
    i.SYS_Init                               0x000008c0   Section        0  main.o(i.SYS_Init)
    i.SendChar                               0x0000093c   Section        0  retarget.o(i.SendChar)
    SendChar                                 0x0000093d   Thumb Code    26  retarget.o(i.SendChar)
    i.SystemCoreClockUpdate                  0x0000095c   Section        0  system_m480.o(i.SystemCoreClockUpdate)
    i.SystemInit                             0x000009a4   Section        0  system_m480.o(i.SystemInit)
    i.UART_Open                              0x00000a1c   Section        0  uart.o(i.UART_Open)
    i.UI2C0_Init                             0x00000b34   Section        0  main.o(i.UI2C0_Init)
    i.UI2C_ClearTimeoutFlag                  0x00000b90   Section        0  usci_i2c.o(i.UI2C_ClearTimeoutFlag)
    i.UI2C_GetBusClockFreq                   0x00000b98   Section        0  usci_i2c.o(i.UI2C_GetBusClockFreq)
    i.UI2C_Open                              0x00000bc0   Section        0  usci_i2c.o(i.UI2C_Open)
    i.UI2C_SetSlaveAddr                      0x00000c38   Section        0  usci_i2c.o(i.UI2C_SetSlaveAddr)
    i.USCI0_IRQHandler                       0x00000c4c   Section        0  main.o(i.USCI0_IRQHandler)
    i.USCI_I2C_MasterRx                      0x00000c84   Section        0  main.o(i.USCI_I2C_MasterRx)
    i.USCI_I2C_MasterTx                      0x00000db0   Section        0  main.o(i.USCI_I2C_MasterTx)
    i.__0printf$5                            0x00000ea8   Section        0  printf5.o(i.__0printf$5)
    i.__scatterload_copy                     0x00000ec8   Section       14  handlers.o(i.__scatterload_copy)
    i.__scatterload_null                     0x00000ed6   Section        2  handlers.o(i.__scatterload_null)
    i.__scatterload_zeroinit                 0x00000ed8   Section       14  handlers.o(i.__scatterload_zeroinit)
    i._printf_core                           0x00000ee8   Section        0  printf5.o(i._printf_core)
    _printf_core                             0x00000ee9   Thumb Code   658  printf5.o(i._printf_core)
    i.fputc                                  0x000011a8   Section        0  retarget.o(i.fputc)
    i.main                                   0x000011b4   Section        0  main.o(i.main)
    i.stackDump                              0x00001494   Section        0  retarget.o(i.stackDump)
    stackDump                                0x00001495   Thumb Code    72  retarget.o(i.stackDump)
    .constdata                               0x0000153c   Section       48  uart.o(.constdata)
    .data                                    0x20000000   Section       44  system_m480.o(.data)
    .data                                    0x2000002c   Section       12  main.o(.data)
    s_UI2C0HandlerFn                         0x20000034   Data           4  main.o(.data)
    .data                                    0x20000038   Section        4  retarget.o(.data)
    STACK                                    0x20000040   Section     2048  startup_m480.o(STACK)

    Global Symbols

    Symbol Name                              Value     Ov Type        Size  Object(Section)

    BuildAttributes$$THM_ISAv4$E$P$D$K$B$S$7EM$VFPi3$EXTD16$VFPS$VFMA$PE$A:L22UL41UL21$X:L11$S22US41US21$IEEE1$IW$USESV6$~STKCKD$USESV7$~SHL$OSPACE$ROPI$EBA8$MICROLIB$REQ8$PRES8$EABIv2 0x00000000   Number         0  anon$$obj.o ABSOLUTE
    __ARM_use_no_argv                        0x00000000   Number         0  main.o ABSOLUTE
    __Vectors                                0x00000000   Data           4  startup_m480.o(RESET)
    _printf_a                                0x00000000   Number         0  stubs.o ABSOLUTE
    _printf_c                                0x00000000   Number         0  stubs.o ABSOLUTE
    _printf_charcount                        0x00000000   Number         0  stubs.o ABSOLUTE
    _printf_d                                0x00000000   Number         0  stubs.o ABSOLUTE
    _printf_e                                0x00000000   Number         0  stubs.o ABSOLUTE
    _printf_f                                0x00000000   Number         0  stubs.o ABSOLUTE
    _printf_flags                            0x00000000   Number         0  stubs.o ABSOLUTE
    _printf_fp_dec                           0x00000000   Number         0  stubs.o ABSOLUTE
    _printf_fp_hex                           0x00000000   Number         0  stubs.o ABSOLUTE
    _printf_g                                0x00000000   Number         0  stubs.o ABSOLUTE
    _printf_i                                0x00000000   Number         0  stubs.o ABSOLUTE
    _printf_int_dec                          0x00000000   Number         0  stubs.o ABSOLUTE
    _printf_l                                0x00000000   Number         0  stubs.o ABSOLUTE
    _printf_lc                               0x00000000   Number         0  stubs.o ABSOLUTE
    _printf_ll                               0x00000000   Number         0  stubs.o ABSOLUTE
    _printf_lld                              0x00000000   Number         0  stubs.o ABSOLUTE
    _printf_lli                              0x00000000   Number         0  stubs.o ABSOLUTE
    _printf_llo                              0x00000000   Number         0  stubs.o ABSOLUTE
    _printf_llu                              0x00000000   Number         0  stubs.o ABSOLUTE
    _printf_llx                              0x00000000   Number         0  stubs.o ABSOLUTE
    _printf_longlong_dec                     0x00000000   Number         0  stubs.o ABSOLUTE
    _printf_longlong_hex                     0x00000000   Number         0  stubs.o ABSOLUTE
    _printf_longlong_oct                     0x00000000   Number         0  stubs.o ABSOLUTE
    _printf_ls                               0x00000000   Number         0  stubs.o ABSOLUTE
    _printf_mbtowc                           0x00000000   Number         0  stubs.o ABSOLUTE
    _printf_n                                0x00000000   Number         0  stubs.o ABSOLUTE
    _printf_o                                0x00000000   Number         0  stubs.o ABSOLUTE
    _printf_p                                0x00000000   Number         0  stubs.o ABSOLUTE
    _printf_percent                          0x00000000   Number         0  stubs.o ABSOLUTE
    _printf_pre_padding                      0x00000000   Number         0  stubs.o ABSOLUTE
    _printf_return_value                     0x00000000   Number         0  stubs.o ABSOLUTE
    _printf_s                                0x00000000   Number         0  stubs.o ABSOLUTE
    _printf_sizespec                         0x00000000   Number         0  stubs.o ABSOLUTE
    _printf_str                              0x00000000   Number         0  stubs.o ABSOLUTE
    _printf_truncate_signed                  0x00000000   Number         0  stubs.o ABSOLUTE
    _printf_truncate_unsigned                0x00000000   Number         0  stubs.o ABSOLUTE
    _printf_u                                0x00000000   Number         0  stubs.o ABSOLUTE
    _printf_wc                               0x00000000   Number         0  stubs.o ABSOLUTE
    _printf_wctomb                           0x00000000   Number         0  stubs.o ABSOLUTE
    _printf_widthprec                        0x00000000   Number         0  stubs.o ABSOLUTE
    _printf_x                                0x00000000   Number         0  stubs.o ABSOLUTE
    __cpp_initialize__aeabi_                  - Undefined Weak Reference
    __cxa_finalize                            - Undefined Weak Reference
    __decompress                              - Undefined Weak Reference
    _clock_init                               - Undefined Weak Reference
    _microlib_exit                            - Undefined Weak Reference
    __Vectors_End                            0x000001f4   Data           0  startup_m480.o(RESET)
    __Vectors_Size                           0x000001f4   Number         0  startup_m480.o ABSOLUTE
    __main                                   0x000001f5   Thumb Code     0  entry.o(.ARM.Collect$$$$00000000)
    _main_stk                                0x000001f5   Thumb Code     0  entry2.o(.ARM.Collect$$$$00000001)
    _main_scatterload                        0x000001f9   Thumb Code     0  entry5.o(.ARM.Collect$$$$00000004)
    __main_after_scatterload                 0x000001fd   Thumb Code     0  entry5.o(.ARM.Collect$$$$00000004)
    _main_clock                              0x000001fd   Thumb Code     0  entry7b.o(.ARM.Collect$$$$00000008)
    _main_cpp_init                           0x000001fd   Thumb Code     0  entry8b.o(.ARM.Collect$$$$0000000A)
    _main_init                               0x000001fd   Thumb Code     0  entry9a.o(.ARM.Collect$$$$0000000B)
    __rt_final_cpp                           0x00000205   Thumb Code     0  entry10a.o(.ARM.Collect$$$$0000000D)
    __rt_final_exit                          0x00000205   Thumb Code     0  entry11a.o(.ARM.Collect$$$$0000000F)
    HardFault_Handler                        0x00000209   Thumb Code    24  retarget.o(.emb_text)
    Reset_Handler                            0x00000225   Thumb Code    64  startup_m480.o(.text)
    NMI_Handler                              0x00000265   Thumb Code     2  startup_m480.o(.text)
    MemManage_Handler                        0x00000269   Thumb Code     2  startup_m480.o(.text)
    BusFault_Handler                         0x0000026b   Thumb Code     2  startup_m480.o(.text)
    UsageFault_Handler                       0x0000026d   Thumb Code     2  startup_m480.o(.text)
    SVC_Handler                              0x0000026f   Thumb Code     2  startup_m480.o(.text)
    DebugMon_Handler                         0x00000271   Thumb Code     2  startup_m480.o(.text)
    PendSV_Handler                           0x00000273   Thumb Code     2  startup_m480.o(.text)
    SysTick_Handler                          0x00000275   Thumb Code     2  startup_m480.o(.text)
    ACMP01_IRQHandler                        0x00000277   Thumb Code     0  startup_m480.o(.text)
    BOD_IRQHandler                           0x00000277   Thumb Code     0  startup_m480.o(.text)
    BPWM0_IRQHandler                         0x00000277   Thumb Code     0  startup_m480.o(.text)
    BPWM1_IRQHandler                         0x00000277   Thumb Code     0  startup_m480.o(.text)
    BRAKE0_IRQHandler                        0x00000277   Thumb Code     0  startup_m480.o(.text)
    BRAKE1_IRQHandler                        0x00000277   Thumb Code     0  startup_m480.o(.text)
    CAN0_IRQHandler                          0x00000277   Thumb Code     0  startup_m480.o(.text)
    CAN1_IRQHandler                          0x00000277   Thumb Code     0  startup_m480.o(.text)
    CAN2_IRQHandler                          0x00000277   Thumb Code     0  startup_m480.o(.text)
    CCAP_IRQHandler                          0x00000277   Thumb Code     0  startup_m480.o(.text)
    CKFAIL_IRQHandler                        0x00000277   Thumb Code     0  startup_m480.o(.text)
    CRYPTO_IRQHandler                        0x00000277   Thumb Code     0  startup_m480.o(.text)
    DAC_IRQHandler                           0x00000277   Thumb Code     0  startup_m480.o(.text)
    EADC00_IRQHandler                        0x00000277   Thumb Code     0  startup_m480.o(.text)
    EADC01_IRQHandler                        0x00000277   Thumb Code     0  startup_m480.o(.text)
    EADC02_IRQHandler                        0x00000277   Thumb Code     0  startup_m480.o(.text)
    EADC03_IRQHandler                        0x00000277   Thumb Code     0  startup_m480.o(.text)
    EADC10_IRQHandler                        0x00000277   Thumb Code     0  startup_m480.o(.text)
    EADC11_IRQHandler                        0x00000277   Thumb Code     0  startup_m480.o(.text)
    EADC12_IRQHandler                        0x00000277   Thumb Code     0  startup_m480.o(.text)
    EADC13_IRQHandler                        0x00000277   Thumb Code     0  startup_m480.o(.text)
    ECAP0_IRQHandler                         0x00000277   Thumb Code     0  startup_m480.o(.text)
    ECAP1_IRQHandler                         0x00000277   Thumb Code     0  startup_m480.o(.text)
    EHCI_IRQHandler                          0x00000277   Thumb Code     0  startup_m480.o(.text)
    EINT0_IRQHandler                         0x00000277   Thumb Code     0  startup_m480.o(.text)
    EINT1_IRQHandler                         0x00000277   Thumb Code     0  startup_m480.o(.text)
    EINT2_IRQHandler                         0x00000277   Thumb Code     0  startup_m480.o(.text)
    EINT3_IRQHandler                         0x00000277   Thumb Code     0  startup_m480.o(.text)
    EINT4_IRQHandler                         0x00000277   Thumb Code     0  startup_m480.o(.text)
    EINT5_IRQHandler                         0x00000277   Thumb Code     0  startup_m480.o(.text)
    EINT6_IRQHandler                         0x00000277   Thumb Code     0  startup_m480.o(.text)
    EINT7_IRQHandler                         0x00000277   Thumb Code     0  startup_m480.o(.text)
    EMAC_RX_IRQHandler                       0x00000277   Thumb Code     0  startup_m480.o(.text)
    EMAC_TX_IRQHandler                       0x00000277   Thumb Code     0  startup_m480.o(.text)
    EPWM0P0_IRQHandler                       0x00000277   Thumb Code     0  startup_m480.o(.text)
    EPWM0P1_IRQHandler                       0x00000277   Thumb Code     0  startup_m480.o(.text)
    EPWM0P2_IRQHandler                       0x00000277   Thumb Code     0  startup_m480.o(.text)
    EPWM1P0_IRQHandler                       0x00000277   Thumb Code     0  startup_m480.o(.text)
    EPWM1P1_IRQHandler                       0x00000277   Thumb Code     0  startup_m480.o(.text)
    EPWM1P2_IRQHandler                       0x00000277   Thumb Code     0  startup_m480.o(.text)
    GPA_IRQHandler                           0x00000277   Thumb Code     0  startup_m480.o(.text)
    GPB_IRQHandler                           0x00000277   Thumb Code     0  startup_m480.o(.text)
    GPC_IRQHandler                           0x00000277   Thumb Code     0  startup_m480.o(.text)
    GPD_IRQHandler                           0x00000277   Thumb Code     0  startup_m480.o(.text)
    GPE_IRQHandler                           0x00000277   Thumb Code     0  startup_m480.o(.text)
    GPF_IRQHandler                           0x00000277   Thumb Code     0  startup_m480.o(.text)
    GPG_IRQHandler                           0x00000277   Thumb Code     0  startup_m480.o(.text)
    GPH_IRQHandler                           0x00000277   Thumb Code     0  startup_m480.o(.text)
    I2C0_IRQHandler                          0x00000277   Thumb Code     0  startup_m480.o(.text)
    I2C1_IRQHandler                          0x00000277   Thumb Code     0  startup_m480.o(.text)
    I2C2_IRQHandler                          0x00000277   Thumb Code     0  startup_m480.o(.text)
    I2S0_IRQHandler                          0x00000277   Thumb Code     0  startup_m480.o(.text)
    IRC_IRQHandler                           0x00000277   Thumb Code     0  startup_m480.o(.text)
    OHCI_IRQHandler                          0x00000277   Thumb Code     0  startup_m480.o(.text)
    OPA0_IRQHandler                          0x00000277   Thumb Code     0  startup_m480.o(.text)
    PDMA_IRQHandler                          0x00000277   Thumb Code     0  startup_m480.o(.text)
    PWRWU_IRQHandler                         0x00000277   Thumb Code     0  startup_m480.o(.text)
    QEI0_IRQHandler                          0x00000277   Thumb Code     0  startup_m480.o(.text)
    QEI1_IRQHandler                          0x00000277   Thumb Code     0  startup_m480.o(.text)
    QSPI0_IRQHandler                         0x00000277   Thumb Code     0  startup_m480.o(.text)
    QSPI1_IRQHandler                         0x00000277   Thumb Code     0  startup_m480.o(.text)
    RAMPE_IRQHandler                         0x00000277   Thumb Code     0  startup_m480.o(.text)
    RTC_IRQHandler                           0x00000277   Thumb Code     0  startup_m480.o(.text)
    SC0_IRQHandler                           0x00000277   Thumb Code     0  startup_m480.o(.text)
    SC1_IRQHandler                           0x00000277   Thumb Code     0  startup_m480.o(.text)
    SC2_IRQHandler                           0x00000277   Thumb Code     0  startup_m480.o(.text)
    SDH0_IRQHandler                          0x00000277   Thumb Code     0  startup_m480.o(.text)
    SDH1_IRQHandler                          0x00000277   Thumb Code     0  startup_m480.o(.text)
    SPI0_IRQHandler                          0x00000277   Thumb Code     0  startup_m480.o(.text)
    SPI1_IRQHandler                          0x00000277   Thumb Code     0  startup_m480.o(.text)
    SPI2_IRQHandler                          0x00000277   Thumb Code     0  startup_m480.o(.text)
    SPI3_IRQHandler                          0x00000277   Thumb Code     0  startup_m480.o(.text)
    SPIM_IRQHandler                          0x00000277   Thumb Code     0  startup_m480.o(.text)
    TAMPER_IRQHandler                        0x00000277   Thumb Code     0  startup_m480.o(.text)
    TMR0_IRQHandler                          0x00000277   Thumb Code     0  startup_m480.o(.text)
    TMR1_IRQHandler                          0x00000277   Thumb Code     0  startup_m480.o(.text)
    TMR2_IRQHandler                          0x00000277   Thumb Code     0  startup_m480.o(.text)
    TMR3_IRQHandler                          0x00000277   Thumb Code     0  startup_m480.o(.text)
    TRNG_IRQHandler                          0x00000277   Thumb Code     0  startup_m480.o(.text)
    UART0_IRQHandler                         0x00000277   Thumb Code     0  startup_m480.o(.text)
    UART1_IRQHandler                         0x00000277   Thumb Code     0  startup_m480.o(.text)
    UART2_IRQHandler                         0x00000277   Thumb Code     0  startup_m480.o(.text)
    UART3_IRQHandler                         0x00000277   Thumb Code     0  startup_m480.o(.text)
    UART4_IRQHandler                         0x00000277   Thumb Code     0  startup_m480.o(.text)
    UART5_IRQHandler                         0x00000277   Thumb Code     0  startup_m480.o(.text)
    UART6_IRQHandler                         0x00000277   Thumb Code     0  startup_m480.o(.text)
    UART7_IRQHandler                         0x00000277   Thumb Code     0  startup_m480.o(.text)
    USBD20_IRQHandler                        0x00000277   Thumb Code     0  startup_m480.o(.text)
    USBD_IRQHandler                          0x00000277   Thumb Code     0  startup_m480.o(.text)
    USBOTG20_IRQHandler                      0x00000277   Thumb Code     0  startup_m480.o(.text)
    USBOTG_IRQHandler                        0x00000277   Thumb Code     0  startup_m480.o(.text)
    USCI1_IRQHandler                         0x00000277   Thumb Code     0  startup_m480.o(.text)
    WDT_IRQHandler                           0x00000277   Thumb Code     0  startup_m480.o(.text)
    WWDT_IRQHandler                          0x00000277   Thumb Code     0  startup_m480.o(.text)
    __aeabi_uldivmod                         0x0000028d   Thumb Code    98  uldiv.o(.text)
    __scatterload                            0x000002f1   Thumb Code    28  init.o(.text)
    __scatterload_rt2                        0x000002f1   Thumb Code     0  init.o(.text)
    __aeabi_llsl                             0x00000315   Thumb Code    30  llshl.o(.text)
    _ll_shift_l                              0x00000315   Thumb Code     0  llshl.o(.text)
    __aeabi_llsr                             0x00000333   Thumb Code    32  llushr.o(.text)
    _ll_ushift_r                             0x00000333   Thumb Code     0  llushr.o(.text)
    CLK_DisablePLL                           0x00000353   Thumb Code    18  clk.o(i.CLK_DisablePLL)
    CLK_EnableModuleClock                    0x00000365   Thumb Code    24  clk.o(i.CLK_EnableModuleClock)
    CLK_EnablePLL                            0x00000381   Thumb Code   308  clk.o(i.CLK_EnablePLL)
    CLK_EnableXtalRC                         0x000004d5   Thumb Code    16  clk.o(i.CLK_EnableXtalRC)
    CLK_GetPCLK0Freq                         0x000004e5   Thumb Code    96  clk.o(i.CLK_GetPCLK0Freq)
    CLK_GetPCLK1Freq                         0x00000549   Thumb Code    98  clk.o(i.CLK_GetPCLK1Freq)
    CLK_GetPLLClockFreq                      0x000005b1   Thumb Code    66  clk.o(i.CLK_GetPLLClockFreq)
    CLK_SetCoreClock                         0x00000601   Thumb Code   128  clk.o(i.CLK_SetCoreClock)
    CLK_SetHCLK                              0x00000685   Thumb Code    98  clk.o(i.CLK_SetHCLK)
    CLK_SetModuleClock                       0x000006e9   Thumb Code   140  clk.o(i.CLK_SetModuleClock)
    CLK_WaitClockReady                       0x0000077d   Thumb Code    38  clk.o(i.CLK_WaitClockReady)
    Hard_Fault_Handler                       0x000007a9   Thumb Code    16  retarget.o(i.Hard_Fault_Handler)
    Read_Write_SLAVE                         0x000007d1   Thumb Code   142  main.o(i.Read_Write_SLAVE)
    SYS_Init                                 0x000008c1   Thumb Code   110  main.o(i.SYS_Init)
    SystemCoreClockUpdate                    0x0000095d   Thumb Code    64  system_m480.o(i.SystemCoreClockUpdate)
    SystemInit                               0x000009a5   Thumb Code   108  system_m480.o(i.SystemInit)
    UART_Open                                0x00000a1d   Thumb Code   246  uart.o(i.UART_Open)
    UI2C0_Init                               0x00000b35   Thumb Code    58  main.o(i.UI2C0_Init)
    UI2C_ClearTimeoutFlag                    0x00000b91   Thumb Code     6  usci_i2c.o(i.UI2C_ClearTimeoutFlag)
    UI2C_GetBusClockFreq                     0x00000b99   Thumb Code    36  usci_i2c.o(i.UI2C_GetBusClockFreq)
    UI2C_Open                                0x00000bc1   Thumb Code   112  usci_i2c.o(i.UI2C_Open)
    UI2C_SetSlaveAddr                        0x00000c39   Thumb Code    20  usci_i2c.o(i.UI2C_SetSlaveAddr)
    USCI0_IRQHandler                         0x00000c4d   Thumb Code    44  main.o(i.USCI0_IRQHandler)
    USCI_I2C_MasterRx                        0x00000c85   Thumb Code   258  main.o(i.USCI_I2C_MasterRx)
    USCI_I2C_MasterTx                        0x00000db1   Thumb Code   216  main.o(i.USCI_I2C_MasterTx)
    __0printf$5                              0x00000ea9   Thumb Code    22  printf5.o(i.__0printf$5)
    __1printf$5                              0x00000ea9   Thumb Code     0  printf5.o(i.__0printf$5)
    __2printf                                0x00000ea9   Thumb Code     0  printf5.o(i.__0printf$5)
    __scatterload_copy                       0x00000ec9   Thumb Code    14  handlers.o(i.__scatterload_copy)
    __scatterload_null                       0x00000ed7   Thumb Code     2  handlers.o(i.__scatterload_null)
    __scatterload_zeroinit                   0x00000ed9   Thumb Code    14  handlers.o(i.__scatterload_zeroinit)
    fputc                                    0x000011a9   Thumb Code    12  retarget.o(i.fputc)
    main                                     0x000011b5   Thumb Code   162  main.o(i.main)
    Region$$Table$$Base                      0x0000156c   Number         0  anon$$obj.o(Region$$Table)
    Region$$Table$$Limit                     0x0000158c   Number         0  anon$$obj.o(Region$$Table)
    SystemCoreClock                          0x20000000   Data           4  system_m480.o(.data)
    CyclesPerUs                              0x20000004   Data           4  system_m480.o(.data)
    PllClock                                 0x20000008   Data           4  system_m480.o(.data)
    gau32ClkSrcTbl                           0x2000000c   Data          32  system_m480.o(.data)
    g_u8MstEndFlag                           0x2000002c   Data           1  main.o(.data)
    g_u8DeviceAddr                           0x2000002d   Data           1  main.o(.data)
    g_u8MstRxData                            0x2000002e   Data           1  main.o(.data)
    g_u8MstDataLen                           0x2000002f   Data           1  main.o(.data)
    m_Event                                  0x20000030   Data           1  main.o(.data)
    g_au8MstTxData                           0x20000031   Data           3  main.o(.data)
    __stdout                                 0x20000038   Data           4  retarget.o(.data)
    __initial_sp                             0x20000840   Data           0  startup_m480.o(STACK)



==============================================================================

Memory Map of the image

  Image Entry point : 0x00000225

  Load Region LR_1 (Base: 0x00000000, Size: 0x000015c8, Max: 0xffffffff, ABSOLUTE)

    Execution Region ER_RO (Exec base: 0x00000000, Load base: 0x00000000, Size: 0x0000158c, Max: 0xffffffff, ABSOLUTE)

    Exec Addr    Load Addr    Size         Type   Attr      Idx    E Section Name        Object

    0x00000000   0x00000000   0x000001f4   Data   RO          320    RESET               startup_m480.o
    0x000001f4   0x000001f4   0x00000000   Code   RO          988  * .ARM.Collect$$$$00000000  mc_w.l(entry.o)
    0x000001f4   0x000001f4   0x00000004   Code   RO         1250    .ARM.Collect$$$$00000001  mc_w.l(entry2.o)
    0x000001f8   0x000001f8   0x00000004   Code   RO         1253    .ARM.Collect$$$$00000004  mc_w.l(entry5.o)
    0x000001fc   0x000001fc   0x00000000   Code   RO         1255    .ARM.Collect$$$$00000008  mc_w.l(entry7b.o)
    0x000001fc   0x000001fc   0x00000000   Code   RO         1257    .ARM.Collect$$$$0000000A  mc_w.l(entry8b.o)
    0x000001fc   0x000001fc   0x00000008   Code   RO         1258    .ARM.Collect$$$$0000000B  mc_w.l(entry9a.o)
    0x00000204   0x00000204   0x00000000   Code   RO         1260    .ARM.Collect$$$$0000000D  mc_w.l(entry10a.o)
    0x00000204   0x00000204   0x00000000   Code   RO         1262    .ARM.Collect$$$$0000000F  mc_w.l(entry11a.o)
    0x00000204   0x00000204   0x00000004   Code   RO         1251    .ARM.Collect$$$$00002712  mc_w.l(entry2.o)
    0x00000208   0x00000208   0x0000001c   Code   RO          408    .emb_text           retarget.o
    0x00000224   0x00000224   0x00000068   Code   RO          321  * .text               startup_m480.o
    0x0000028c   0x0000028c   0x00000062   Code   RO         1266    .text               mc_w.l(uldiv.o)
    0x000002ee   0x000002ee   0x00000002   PAD
    0x000002f0   0x000002f0   0x00000024   Code   RO         1279    .text               mc_w.l(init.o)
    0x00000314   0x00000314   0x0000001e   Code   RO         1281    .text               mc_w.l(llshl.o)
    0x00000332   0x00000332   0x00000020   Code   RO         1283    .text               mc_w.l(llushr.o)
    0x00000352   0x00000352   0x00000012   Code   RO          496    i.CLK_DisablePLL    clk.o
    0x00000364   0x00000364   0x0000001c   Code   RO          501    i.CLK_EnableModuleClock  clk.o
    0x00000380   0x00000380   0x00000154   Code   RO          502    i.CLK_EnablePLL     clk.o
    0x000004d4   0x000004d4   0x00000010   Code   RO          505    i.CLK_EnableXtalRC  clk.o
    0x000004e4   0x000004e4   0x00000064   Code   RO          512    i.CLK_GetPCLK0Freq  clk.o
    0x00000548   0x00000548   0x00000068   Code   RO          513    i.CLK_GetPCLK1Freq  clk.o
    0x000005b0   0x000005b0   0x00000050   Code   RO          514    i.CLK_GetPLLClockFreq  clk.o
    0x00000600   0x00000600   0x00000084   Code   RO          518    i.CLK_SetCoreClock  clk.o
    0x00000684   0x00000684   0x00000062   Code   RO          519    i.CLK_SetHCLK       clk.o
    0x000006e6   0x000006e6   0x00000002   PAD
    0x000006e8   0x000006e8   0x00000094   Code   RO          520    i.CLK_SetModuleClock  clk.o
    0x0000077c   0x0000077c   0x0000002c   Code   RO          523    i.CLK_WaitClockReady  clk.o
    0x000007a8   0x000007a8   0x00000028   Code   RO          409    i.Hard_Fault_Handler  retarget.o
    0x000007d0   0x000007d0   0x000000f0   Code   RO          328    i.Read_Write_SLAVE  main.o
    0x000008c0   0x000008c0   0x0000007c   Code   RO          329    i.SYS_Init          main.o
    0x0000093c   0x0000093c   0x00000020   Code   RO          411    i.SendChar          retarget.o
    0x0000095c   0x0000095c   0x00000048   Code   RO            4    i.SystemCoreClockUpdate  system_m480.o
    0x000009a4   0x000009a4   0x00000078   Code   RO            5    i.SystemInit        system_m480.o
    0x00000a1c   0x00000a1c   0x00000118   Code   RO          894    i.UART_Open         uart.o
    0x00000b34   0x00000b34   0x0000005c   Code   RO          330    i.UI2C0_Init        main.o
    0x00000b90   0x00000b90   0x00000006   Code   RO          691    i.UI2C_ClearTimeoutFlag  usci_i2c.o
    0x00000b96   0x00000b96   0x00000002   PAD
    0x00000b98   0x00000b98   0x00000028   Code   RO          699    i.UI2C_GetBusClockFreq  usci_i2c.o
    0x00000bc0   0x00000bc0   0x00000078   Code   RO          702    i.UI2C_Open         usci_i2c.o
    0x00000c38   0x00000c38   0x00000014   Code   RO          711    i.UI2C_SetSlaveAddr  usci_i2c.o
    0x00000c4c   0x00000c4c   0x00000038   Code   RO          331    i.USCI0_IRQHandler  main.o
    0x00000c84   0x00000c84   0x0000012c   Code   RO          332    i.USCI_I2C_MasterRx  main.o
    0x00000db0   0x00000db0   0x000000f8   Code   RO          333    i.USCI_I2C_MasterTx  main.o
    0x00000ea8   0x00000ea8   0x00000020   Code   RO         1122    i.__0printf$5       mc_w.l(printf5.o)
    0x00000ec8   0x00000ec8   0x0000000e   Code   RO         1291    i.__scatterload_copy  mc_w.l(handlers.o)
    0x00000ed6   0x00000ed6   0x00000002   Code   RO         1292    i.__scatterload_null  mc_w.l(handlers.o)
    0x00000ed8   0x00000ed8   0x0000000e   Code   RO         1293    i.__scatterload_zeroinit  mc_w.l(handlers.o)
    0x00000ee6   0x00000ee6   0x00000002   PAD
    0x00000ee8   0x00000ee8   0x000002c0   Code   RO         1129    i._printf_core      mc_w.l(printf5.o)
    0x000011a8   0x000011a8   0x0000000c   Code   RO          415    i.fputc             retarget.o
    0x000011b4   0x000011b4   0x000002e0   Code   RO          334    i.main              main.o
    0x00001494   0x00001494   0x000000a8   Code   RO          417    i.stackDump         retarget.o
    0x0000153c   0x0000153c   0x00000030   Data   RO          902    .constdata          uart.o
    0x0000156c   0x0000156c   0x00000020   Data   RO         1289    Region$$Table       anon$$obj.o


    Execution Region ER_RW (Exec base: 0x20000000, Load base: 0x0000158c, Size: 0x0000003c, Max: 0xffffffff, ABSOLUTE)

    Exec Addr    Load Addr    Size         Type   Attr      Idx    E Section Name        Object

    0x20000000   0x0000158c   0x0000002c   Data   RW            6    .data               system_m480.o
    0x2000002c   0x000015b8   0x0000000c   Data   RW          335    .data               main.o
    0x20000038   0x000015c4   0x00000004   Data   RW          418    .data               retarget.o


    Execution Region ER_ZI (Exec base: 0x2000003c, Load base: 0x000015c8, Size: 0x00000804, Max: 0xffffffff, ABSOLUTE)

    Exec Addr    Load Addr    Size         Type   Attr      Idx    E Section Name        Object

    0x2000003c   0x000015c8   0x00000004   PAD
    0x20000040        -       0x00000800   Zero   RW          318    STACK               startup_m480.o


==============================================================================

Image component sizes


      Code (inc. data)   RO Data    RW Data    ZI Data      Debug   Object Name

      1108         78          0          0          0       9850   clk.o
      1796        806          0         12          0     156740   main.o
       280        130          0          4          0       5255   retarget.o
       104         20        500          0       2048        984   startup_m480.o
       192         20          0         44          0      27911   system_m480.o
       280         34         48          0          0       1512   uart.o
       186         12          0          0          0       3411   usci_i2c.o

    ----------------------------------------------------------------------
      3950       1100        580         60       2052     205663   Object Totals
         0          0         32          0          0          0   (incl. Generated)
         4          0          0          0          4          0   (incl. Padding)

    ----------------------------------------------------------------------

      Code (inc. data)   RO Data    RW Data    ZI Data      Debug   Library Member Name

         0          0          0          0          0          0   entry.o
         0          0          0          0          0          0   entry10a.o
         0          0          0          0          0          0   entry11a.o
         8          4          0          0          0          0   entry2.o
         4          0          0          0          0          0   entry5.o
         0          0          0          0          0          0   entry7b.o
         0          0          0          0          0          0   entry8b.o
         8          4          0          0          0          0   entry9a.o
        30          0          0          0          0          0   handlers.o
        36          8          0          0          0         68   init.o
        30          0          0          0          0         68   llshl.o
        32          0          0          0          0         68   llushr.o
       736         56          0          0          0        184   printf5.o
        98          0          0          0          0         92   uldiv.o

    ----------------------------------------------------------------------
       986         72          0          0          0        480   Library Totals
         4          0          0          0          0          0   (incl. Padding)

    ----------------------------------------------------------------------

      Code (inc. data)   RO Data    RW Data    ZI Data      Debug   Library Name

       982         72          0          0          0        480   mc_w.l

    ----------------------------------------------------------------------
       986         72          0          0          0        480   Library Totals

    ----------------------------------------------------------------------

==============================================================================


      Code (inc. data)   RO Data    RW Data    ZI Data      Debug   

      4936       1172        580         60       2052     203691   Grand Totals
      4936       1172        580         60       2052     203691   ELF Image Totals
      4936       1172        580         60          0          0   ROM Totals

==============================================================================

    Total RO  Size (Code + RO Data)                 5516 (   5.39kB)
    Total RW  Size (RW Data + ZI Data)              2112 (   2.06kB)
    Total ROM Size (Code + RO Data + RW Data)       5576 (   5.45kB)

==============================================================================

