<html>
<body>
<pre>
<h1>µVision Build Log</h1>
<h2>Tool Versions:</h2>
IDE-Version: £gVision V5.35.0.0
Copyright (C) 2021 ARM Ltd and ARM Germany GmbH. All rights reserved.
License Information: K LAB, NCKU, LIC=6XJEU-BLVCI-XFQRW-84H65-GT95F-MY3I8
 
Tool Versions:
Toolchain:       MDK-ARM Professional  Version: 5.35.0.2
Toolchain Path:  D:\ARM\ARMCC\Bin
C Compiler:      Armcc.exe V5.06 update 7 (build 960)
Assembler:       Armasm.exe V5.06 update 7 (build 960)
Linker/Locator:  ArmLink.exe V5.06 update 7 (build 960)
Library Manager: ArmAr.exe V5.06 update 7 (build 960)
Hex Converter:   FromElf.exe V5.06 update 7 (build 960)
CPU DLL:         SARMCM3.DLL V5.35.0.2
Dialog DLL:      DARMCM1.DLL V1.19.4.0
Target DLL:      Nu_Link.dll V3.02
Dialog DLL:      TARMCM1.DLL V1.14.4.0
 
<h2>Project:</h2>
C:\Users\s2244\Desktop\M487¥Î\M480_BSP_CMSIS_V3.05.000\SampleCode\StdDriver\DAC_TimerTrigger\KEIL\DAC_TimerTrigger.uvproj
Project File Date:  08/29/2021

<h2>Output:</h2>
*** Using Compiler 'V5.06 update 7 (build 960)', folder: 'D:\ARM\ARMCC\Bin'
Rebuild target 'DAC_TimerTrigger'
Clean started - Project: 'DAC_TimerTrigger'
   deleting intermediate output files for target 'DAC_TimerTrigger'
creating preprocessor file for system_M480.c...
compiling system_M480.c...
assembling startup_M480.s...
creating preprocessor file for main.c...
compiling main.c...
creating preprocessor file for retarget.c...
compiling retarget.c...
creating preprocessor file for dac.c...
compiling dac.c...
creating preprocessor file for clk.c...
compiling clk.c...
creating preprocessor file for sys.c...
compiling sys.c...
creating preprocessor file for timer.c...
compiling timer.c...
linking...
Program Size: Code=4424 RO-data=724 RW-data=60 ZI-data=2068  
".\obj\DAC_TimerTrigger.axf" - 0 Error(s), 0 Warning(s).

*** Performing Cross-Module-Optimization:
compiling system_M480.c...
compiling main.c...
compiling retarget.c...
compiling dac.c...
compiling clk.c...
compiling sys.c...
compiling timer.c...
linking...
Program Size: Code=3396 RO-data=692 RW-data=60 ZI-data=2068  
compiling system_M480.c...
compiling main.c...
compiling retarget.c...
compiling dac.c...
compiling clk.c...
compiling sys.c...
compiling timer.c...
linking...
Program Size: Code=3396 RO-data=692 RW-data=60 ZI-data=2068  
After Build - User command #1: fromelf --bin ".\obj\DAC_TimerTrigger.axf" --output ".\obj\DAC_TimerTrigger.bin"
Warning: Q9931W: Your license for feature Keil will expire in 29 days
Finished: 0 information, 1 warning and 0 error messages.
After Build - User command #2: fromelf --text -c ".\obj\DAC_TimerTrigger.axf" --output ".\obj\DAC_TimerTrigger.txt"
Warning: Q9931W: Your license for feature Keil will expire in 29 days
Finished: 0 information, 1 warning and 0 error messages.
".\obj\DAC_TimerTrigger.axf" - 0 Error(s), 0 Warning(s).
*** Completed Cross-Module-Optimization after 3 iteration(s).
Build Time Elapsed:  00:00:40
</pre>
</body>
</html>
