<html>
<body>
<pre>
<h1>µVision Build Log</h1>
<h2>Tool Versions:</h2>
IDE-Version: £gVision V5.31.0.0
Copyright (C) 2020 ARM Ltd and ARM Germany GmbH. All rights reserved.
License Information: su hongju, stust, LIC=LJWQC-R68RT-C84EH-E4H4K-A6NJL-05QC2
 
Tool Versions:
Toolchain:       MDK-ARM Professional  Version: 5.31.0.0
Toolchain Path:  D:\ARM\ARMCC\Bin
C Compiler:      Armcc.exe V5.06 update 6 (build 750)
Assembler:       Armasm.exe V5.06 update 6 (build 750)
Linker/Locator:  ArmLink.exe V5.06 update 6 (build 750)
Library Manager: ArmAr.exe V5.06 update 6 (build 750)
Hex Converter:   FromElf.exe V5.06 update 6 (build 750)
CPU DLL:         SARMCM3.DLL V5.31.0.0
Dialog DLL:      DARMCM1.DLL V1.19.3.0
Target DLL:      Nu_Link.dll V3.02
Dialog DLL:      TARMCM1.DLL V1.14.2.0
 
<h2>Project:</h2>
C:\Users\user\Documents\GitHub\M487SampleCode\M480_BSP_CMSIS_V3.05.000\SampleCode\StdDriver\I2C_Slave\KEIL\I2C_Slave.uvproj
Project File Date:  09/30/2021

<h2>Output:</h2>
*** Using Compiler 'V5.06 update 6 (build 750)', folder: 'D:\ARM\ARMCC\Bin'
Build target 'I2C_Slave'
Clean started - Project: 'I2C_Slave'
   deleting intermediate output files for target 'I2C_Slave'
creating preprocessor file for system_M480.c...
compiling system_M480.c...
assembling startup_M480.s...
creating preprocessor file for main.c...
compiling main.c...
creating preprocessor file for uart.c...
compiling uart.c...
creating preprocessor file for clk.c...
compiling clk.c...
creating preprocessor file for i2c.c...
compiling i2c.c...
creating preprocessor file for retarget.c...
compiling retarget.c...
creating preprocessor file for sys.c...
compiling sys.c...
linking...
Program Size: Code=7628 RO-data=612 RW-data=60 ZI-data=2308  
".\obj\I2C_Slave.axf" - 0 Error(s), 0 Warning(s).

*** Performing Cross-Module-Optimization:
compiling system_M480.c...
compiling main.c...
compiling uart.c...
compiling clk.c...
compiling i2c.c...
compiling retarget.c...
compiling sys.c...
linking...
Program Size: Code=3868 RO-data=580 RW-data=60 ZI-data=2308  
compiling system_M480.c...
compiling main.c...
compiling uart.c...
compiling clk.c...
compiling i2c.c...
compiling retarget.c...
compiling sys.c...
linking...
Program Size: Code=3868 RO-data=580 RW-data=60 ZI-data=2308  
After Build - User command #1: fromelf --bin ".\obj\I2C_Slave.axf" --output ".\obj\I2C_Slave.bin"
Warning: Q9931W: Your license for feature Keil will expire in 1 days
Finished: 0 information, 1 warning and 0 error messages.
After Build - User command #2: fromelf --text -c ".\obj\I2C_Slave.axf" --output ".\obj\I2C_Slave.txt"
Warning: Q9931W: Your license for feature Keil will expire in 1 days
Finished: 0 information, 1 warning and 0 error messages.
".\obj\I2C_Slave.axf" - 0 Error(s), 0 Warning(s).
*** Completed Cross-Module-Optimization after 3 iteration(s).
Build Time Elapsed:  00:00:48
</pre>
</body>
</html>
