<html>
<body>
<pre>
<h1>µVision Build Log</h1>
<h2>Tool Versions:</h2>
IDE-Version: £gVision V5.31.0.0
Copyright (C) 2020 ARM Ltd and ARM Germany GmbH. All rights reserved.
License Information: su hongju, stust, LIC=LJWQC-R68RT-C84EH-E4H4K-A6NJL-05QC2
 
Tool Versions:
Toolchain:       MDK-ARM Professional  Version: 5.31.0.0
Toolchain Path:  D:\ARM\ARMCC\Bin
C Compiler:      Armcc.exe V5.06 update 6 (build 750)
Assembler:       Armasm.exe V5.06 update 6 (build 750)
Linker/Locator:  ArmLink.exe V5.06 update 6 (build 750)
Library Manager: ArmAr.exe V5.06 update 6 (build 750)
Hex Converter:   FromElf.exe V5.06 update 6 (build 750)
CPU DLL:         SARMCM3.DLL V5.31.0.0
Dialog DLL:      DARMCM1.DLL V1.19.3.0
Target DLL:      Nu_Link.dll V3.02
Dialog DLL:      TARMCM1.DLL V1.14.2.0
 
<h2>Project:</h2>
C:\Users\user\Desktop\M487¥Î\M480_BSP_CMSIS_V3.05.000\SampleCode\EC_M480_WiFi_TCPServer_V1.00\SampleCode\ExampleCode\M480_WiFi_TCPServer\KEIL\M480_WiFi_TCPServer.uvproj
Project File Date:  09/09/2021

<h2>Output:</h2>
*** Using Compiler 'V5.06 update 6 (build 750)', folder: 'D:\ARM\ARMCC\Bin'
Build target 'M480_WiFi_TCPServer'
compiling main.c...
linking...
Program Size: Code=38648 RO-data=1984 RW-data=396 ZI-data=58580  
FromELF: creating hex file...
.\obj\M480_WiFi_TCPServer.hex: Warning: Q9931W: Your license for feature Keil will expire in 22 days
Finished: 0 information, 1 warning and 0 error messages.
After Build - User command #1: fromelf --bin ".\obj\M480_WiFi_TCPServer.axf" --output ".\obj\M480_WiFi_TCPServer.bin"
Warning: Q9931W: Your license for feature Keil will expire in 22 days
Finished: 0 information, 1 warning and 0 error messages.
After Build - User command #2: fromelf --text -c ".\obj\M480_WiFi_TCPServer.axf" --output ".\obj\M480_WiFi_TCPServer.txt"
Warning: Q9931W: Your license for feature Keil will expire in 22 days
Finished: 0 information, 1 warning and 0 error messages.
".\obj\M480_WiFi_TCPServer.axf" - 0 Error(s), 0 Warning(s).
Build Time Elapsed:  00:00:03
</pre>
</body>
</html>
