<!doctype html public "-//w3c//dtd html 4.0 transitional//en">
<html><head>
<title>Static Call Graph - [.\obj\EADC_BandGap.axf]</title></head>
<body><HR>
<H1>Static Call Graph for image .\obj\EADC_BandGap.axf</H1><HR>
<BR><P>#&#060CALLGRAPH&#062# ARM Linker, 5060750: Last Updated: Fri Sep 10 11:36:48 2021
<BR><P>
<H3>Maximum Stack Usage =        120 bytes + Unknown(Cycles, Untraceable Function Pointers)</H3><H3>
Call chain for Maximum Stack Depth:</H3>
main &rArr; SYS_Init &rArr; CLK_SetCoreClock &rArr; CLK_EnablePLL &rArr; CLK_GetPLLClockFreq
<P>
<H3>
Mutually Recursive functions
</H3> <LI><a href="#[1]">NMI_Handler</a>&nbsp;&nbsp;&nbsp;&rArr;&nbsp;&nbsp;&nbsp;<a href="#[1]">NMI_Handler</a><BR>
 <LI><a href="#[3]">MemManage_Handler</a>&nbsp;&nbsp;&nbsp;&rArr;&nbsp;&nbsp;&nbsp;<a href="#[3]">MemManage_Handler</a><BR>
 <LI><a href="#[4]">BusFault_Handler</a>&nbsp;&nbsp;&nbsp;&rArr;&nbsp;&nbsp;&nbsp;<a href="#[4]">BusFault_Handler</a><BR>
 <LI><a href="#[5]">UsageFault_Handler</a>&nbsp;&nbsp;&nbsp;&rArr;&nbsp;&nbsp;&nbsp;<a href="#[5]">UsageFault_Handler</a><BR>
 <LI><a href="#[6]">SVC_Handler</a>&nbsp;&nbsp;&nbsp;&rArr;&nbsp;&nbsp;&nbsp;<a href="#[6]">SVC_Handler</a><BR>
 <LI><a href="#[7]">DebugMon_Handler</a>&nbsp;&nbsp;&nbsp;&rArr;&nbsp;&nbsp;&nbsp;<a href="#[7]">DebugMon_Handler</a><BR>
 <LI><a href="#[8]">PendSV_Handler</a>&nbsp;&nbsp;&nbsp;&rArr;&nbsp;&nbsp;&nbsp;<a href="#[8]">PendSV_Handler</a><BR>
 <LI><a href="#[9]">SysTick_Handler</a>&nbsp;&nbsp;&nbsp;&rArr;&nbsp;&nbsp;&nbsp;<a href="#[9]">SysTick_Handler</a><BR>
 <LI><a href="#[f]">Default_Handler</a>&nbsp;&nbsp;&nbsp;&rArr;&nbsp;&nbsp;&nbsp;<a href="#[f]">Default_Handler</a><BR>
</UL>
<P>
<H3>
Function Pointers
</H3><UL>
 <LI><a href="#[36]">ACMP01_IRQHandler</a> from startup_m480.o(.text) referenced from startup_m480.o(RESET)
 <LI><a href="#[a]">BOD_IRQHandler</a> from startup_m480.o(.text) referenced from startup_m480.o(RESET)
 <LI><a href="#[54]">BPWM0_IRQHandler</a> from startup_m480.o(.text) referenced from startup_m480.o(RESET)
 <LI><a href="#[55]">BPWM1_IRQHandler</a> from startup_m480.o(.text) referenced from startup_m480.o(RESET)
 <LI><a href="#[22]">BRAKE0_IRQHandler</a> from startup_m480.o(.text) referenced from startup_m480.o(RESET)
 <LI><a href="#[26]">BRAKE1_IRQHandler</a> from startup_m480.o(.text) referenced from startup_m480.o(RESET)
 <LI><a href="#[4]">BusFault_Handler</a> from startup_m480.o(.text) referenced from startup_m480.o(RESET)
 <LI><a href="#[41]">CAN0_IRQHandler</a> from startup_m480.o(.text) referenced from startup_m480.o(RESET)
 <LI><a href="#[42]">CAN1_IRQHandler</a> from startup_m480.o(.text) referenced from startup_m480.o(RESET)
 <LI><a href="#[69]">CAN2_IRQHandler</a> from startup_m480.o(.text) referenced from startup_m480.o(RESET)
 <LI><a href="#[57]">CCAP_IRQHandler</a> from startup_m480.o(.text) referenced from startup_m480.o(RESET)
 <LI><a href="#[e]">CKFAIL_IRQHandler</a> from startup_m480.o(.text) referenced from startup_m480.o(RESET)
 <LI><a href="#[4d]">CRYPTO_IRQHandler</a> from startup_m480.o(.text) referenced from startup_m480.o(RESET)
 <LI><a href="#[33]">DAC_IRQHandler</a> from startup_m480.o(.text) referenced from startup_m480.o(RESET)
 <LI><a href="#[7]">DebugMon_Handler</a> from startup_m480.o(.text) referenced from startup_m480.o(RESET)
 <LI><a href="#[f]">Default_Handler</a> from startup_m480.o(.text) referenced 14 times from startup_m480.o(RESET)
 <LI><a href="#[34]">EADC00_IRQHandler</a> from main.o(i.EADC00_IRQHandler) referenced from startup_m480.o(RESET)
 <LI><a href="#[35]">EADC01_IRQHandler</a> from startup_m480.o(.text) referenced from startup_m480.o(RESET)
 <LI><a href="#[37]">EADC02_IRQHandler</a> from startup_m480.o(.text) referenced from startup_m480.o(RESET)
 <LI><a href="#[38]">EADC03_IRQHandler</a> from startup_m480.o(.text) referenced from startup_m480.o(RESET)
 <LI><a href="#[65]">EADC10_IRQHandler</a> from startup_m480.o(.text) referenced from startup_m480.o(RESET)
 <LI><a href="#[66]">EADC11_IRQHandler</a> from startup_m480.o(.text) referenced from startup_m480.o(RESET)
 <LI><a href="#[67]">EADC12_IRQHandler</a> from startup_m480.o(.text) referenced from startup_m480.o(RESET)
 <LI><a href="#[68]">EADC13_IRQHandler</a> from startup_m480.o(.text) referenced from startup_m480.o(RESET)
 <LI><a href="#[5b]">ECAP0_IRQHandler</a> from startup_m480.o(.text) referenced from startup_m480.o(RESET)
 <LI><a href="#[5c]">ECAP1_IRQHandler</a> from startup_m480.o(.text) referenced from startup_m480.o(RESET)
 <LI><a href="#[60]">EHCI_IRQHandler</a> from startup_m480.o(.text) referenced from startup_m480.o(RESET)
 <LI><a href="#[14]">EINT0_IRQHandler</a> from startup_m480.o(.text) referenced from startup_m480.o(RESET)
 <LI><a href="#[15]">EINT1_IRQHandler</a> from startup_m480.o(.text) referenced from startup_m480.o(RESET)
 <LI><a href="#[16]">EINT2_IRQHandler</a> from startup_m480.o(.text) referenced from startup_m480.o(RESET)
 <LI><a href="#[17]">EINT3_IRQHandler</a> from startup_m480.o(.text) referenced from startup_m480.o(RESET)
 <LI><a href="#[18]">EINT4_IRQHandler</a> from startup_m480.o(.text) referenced from startup_m480.o(RESET)
 <LI><a href="#[19]">EINT5_IRQHandler</a> from startup_m480.o(.text) referenced from startup_m480.o(RESET)
 <LI><a href="#[4f]">EINT6_IRQHandler</a> from startup_m480.o(.text) referenced from startup_m480.o(RESET)
 <LI><a href="#[5e]">EINT7_IRQHandler</a> from startup_m480.o(.text) referenced from startup_m480.o(RESET)
 <LI><a href="#[4a]">EMAC_RX_IRQHandler</a> from startup_m480.o(.text) referenced from startup_m480.o(RESET)
 <LI><a href="#[49]">EMAC_TX_IRQHandler</a> from startup_m480.o(.text) referenced from startup_m480.o(RESET)
 <LI><a href="#[23]">EPWM0P0_IRQHandler</a> from startup_m480.o(.text) referenced from startup_m480.o(RESET)
 <LI><a href="#[24]">EPWM0P1_IRQHandler</a> from startup_m480.o(.text) referenced from startup_m480.o(RESET)
 <LI><a href="#[25]">EPWM0P2_IRQHandler</a> from startup_m480.o(.text) referenced from startup_m480.o(RESET)
 <LI><a href="#[27]">EPWM1P0_IRQHandler</a> from startup_m480.o(.text) referenced from startup_m480.o(RESET)
 <LI><a href="#[28]">EPWM1P1_IRQHandler</a> from startup_m480.o(.text) referenced from startup_m480.o(RESET)
 <LI><a href="#[29]">EPWM1P2_IRQHandler</a> from startup_m480.o(.text) referenced from startup_m480.o(RESET)
 <LI><a href="#[1a]">GPA_IRQHandler</a> from startup_m480.o(.text) referenced from startup_m480.o(RESET)
 <LI><a href="#[1b]">GPB_IRQHandler</a> from startup_m480.o(.text) referenced from startup_m480.o(RESET)
 <LI><a href="#[1c]">GPC_IRQHandler</a> from startup_m480.o(.text) referenced from startup_m480.o(RESET)
 <LI><a href="#[1d]">GPD_IRQHandler</a> from startup_m480.o(.text) referenced from startup_m480.o(RESET)
 <LI><a href="#[1e]">GPE_IRQHandler</a> from startup_m480.o(.text) referenced from startup_m480.o(RESET)
 <LI><a href="#[1f]">GPF_IRQHandler</a> from startup_m480.o(.text) referenced from startup_m480.o(RESET)
 <LI><a href="#[4e]">GPG_IRQHandler</a> from startup_m480.o(.text) referenced from startup_m480.o(RESET)
 <LI><a href="#[5d]">GPH_IRQHandler</a> from startup_m480.o(.text) referenced from startup_m480.o(RESET)
 <LI><a href="#[2]">HardFault_Handler</a> from retarget.o(.emb_text) referenced from startup_m480.o(RESET)
 <LI><a href="#[6b]">Hard_Fault_Handler</a> from retarget.o(i.Hard_Fault_Handler) referenced from retarget.o(.emb_text)
 <LI><a href="#[30]">I2C0_IRQHandler</a> from startup_m480.o(.text) referenced from startup_m480.o(RESET)
 <LI><a href="#[31]">I2C1_IRQHandler</a> from startup_m480.o(.text) referenced from startup_m480.o(RESET)
 <LI><a href="#[58]">I2C2_IRQHandler</a> from startup_m480.o(.text) referenced from startup_m480.o(RESET)
 <LI><a href="#[4b]">I2S0_IRQHandler</a> from startup_m480.o(.text) referenced from startup_m480.o(RESET)
 <LI><a href="#[b]">IRC_IRQHandler</a> from startup_m480.o(.text) referenced from startup_m480.o(RESET)
 <LI><a href="#[3]">MemManage_Handler</a> from startup_m480.o(.text) referenced from startup_m480.o(RESET)
 <LI><a href="#[1]">NMI_Handler</a> from startup_m480.o(.text) referenced from startup_m480.o(RESET)
 <LI><a href="#[3f]">OHCI_IRQHandler</a> from startup_m480.o(.text) referenced from startup_m480.o(RESET)
 <LI><a href="#[4c]">OPA0_IRQHandler</a> from startup_m480.o(.text) referenced from startup_m480.o(RESET)
 <LI><a href="#[32]">PDMA_IRQHandler</a> from startup_m480.o(.text) referenced from startup_m480.o(RESET)
 <LI><a href="#[c]">PWRWU_IRQHandler</a> from startup_m480.o(.text) referenced from startup_m480.o(RESET)
 <LI><a href="#[8]">PendSV_Handler</a> from startup_m480.o(.text) referenced from startup_m480.o(RESET)
 <LI><a href="#[59]">QEI0_IRQHandler</a> from startup_m480.o(.text) referenced from startup_m480.o(RESET)
 <LI><a href="#[5a]">QEI1_IRQHandler</a> from startup_m480.o(.text) referenced from startup_m480.o(RESET)
 <LI><a href="#[20]">QSPI0_IRQHandler</a> from startup_m480.o(.text) referenced from startup_m480.o(RESET)
 <LI><a href="#[3b]">QSPI1_IRQHandler</a> from startup_m480.o(.text) referenced from startup_m480.o(RESET)
 <LI><a href="#[d]">RAMPE_IRQHandler</a> from startup_m480.o(.text) referenced from startup_m480.o(RESET)
 <LI><a href="#[10]">RTC_IRQHandler</a> from startup_m480.o(.text) referenced from startup_m480.o(RESET)
 <LI><a href="#[6f]">Reset_Handler</a> from startup_m480.o(.text) referenced from startup_m480.o(RESET)
 <LI><a href="#[43]">SC0_IRQHandler</a> from startup_m480.o(.text) referenced from startup_m480.o(RESET)
 <LI><a href="#[44]">SC1_IRQHandler</a> from startup_m480.o(.text) referenced from startup_m480.o(RESET)
 <LI><a href="#[45]">SC2_IRQHandler</a> from startup_m480.o(.text) referenced from startup_m480.o(RESET)
 <LI><a href="#[47]">SDH0_IRQHandler</a> from startup_m480.o(.text) referenced from startup_m480.o(RESET)
 <LI><a href="#[5f]">SDH1_IRQHandler</a> from startup_m480.o(.text) referenced from startup_m480.o(RESET)
 <LI><a href="#[21]">SPI0_IRQHandler</a> from startup_m480.o(.text) referenced from startup_m480.o(RESET)
 <LI><a href="#[3c]">SPI1_IRQHandler</a> from startup_m480.o(.text) referenced from startup_m480.o(RESET)
 <LI><a href="#[3d]">SPI2_IRQHandler</a> from startup_m480.o(.text) referenced from startup_m480.o(RESET)
 <LI><a href="#[46]">SPI3_IRQHandler</a> from startup_m480.o(.text) referenced from startup_m480.o(RESET)
 <LI><a href="#[56]">SPIM_IRQHandler</a> from startup_m480.o(.text) referenced from startup_m480.o(RESET)
 <LI><a href="#[6]">SVC_Handler</a> from startup_m480.o(.text) referenced from startup_m480.o(RESET)
 <LI><a href="#[9]">SysTick_Handler</a> from startup_m480.o(.text) referenced from startup_m480.o(RESET)
 <LI><a href="#[6c]">SystemInit</a> from system_m480.o(i.SystemInit) referenced from startup_m480.o(.text)
 <LI><a href="#[11]">TAMPER_IRQHandler</a> from startup_m480.o(.text) referenced from startup_m480.o(RESET)
 <LI><a href="#[2a]">TMR0_IRQHandler</a> from startup_m480.o(.text) referenced from startup_m480.o(RESET)
 <LI><a href="#[2b]">TMR1_IRQHandler</a> from startup_m480.o(.text) referenced from startup_m480.o(RESET)
 <LI><a href="#[2c]">TMR2_IRQHandler</a> from startup_m480.o(.text) referenced from startup_m480.o(RESET)
 <LI><a href="#[2d]">TMR3_IRQHandler</a> from startup_m480.o(.text) referenced from startup_m480.o(RESET)
 <LI><a href="#[62]">TRNG_IRQHandler</a> from startup_m480.o(.text) referenced from startup_m480.o(RESET)
 <LI><a href="#[2e]">UART0_IRQHandler</a> from startup_m480.o(.text) referenced from startup_m480.o(RESET)
 <LI><a href="#[2f]">UART1_IRQHandler</a> from startup_m480.o(.text) referenced from startup_m480.o(RESET)
 <LI><a href="#[39]">UART2_IRQHandler</a> from startup_m480.o(.text) referenced from startup_m480.o(RESET)
 <LI><a href="#[3a]">UART3_IRQHandler</a> from startup_m480.o(.text) referenced from startup_m480.o(RESET)
 <LI><a href="#[50]">UART4_IRQHandler</a> from startup_m480.o(.text) referenced from startup_m480.o(RESET)
 <LI><a href="#[51]">UART5_IRQHandler</a> from startup_m480.o(.text) referenced from startup_m480.o(RESET)
 <LI><a href="#[63]">UART6_IRQHandler</a> from startup_m480.o(.text) referenced from startup_m480.o(RESET)
 <LI><a href="#[64]">UART7_IRQHandler</a> from startup_m480.o(.text) referenced from startup_m480.o(RESET)
 <LI><a href="#[48]">USBD20_IRQHandler</a> from startup_m480.o(.text) referenced from startup_m480.o(RESET)
 <LI><a href="#[3e]">USBD_IRQHandler</a> from startup_m480.o(.text) referenced from startup_m480.o(RESET)
 <LI><a href="#[61]">USBOTG20_IRQHandler</a> from startup_m480.o(.text) referenced from startup_m480.o(RESET)
 <LI><a href="#[40]">USBOTG_IRQHandler</a> from startup_m480.o(.text) referenced from startup_m480.o(RESET)
 <LI><a href="#[52]">USCI0_IRQHandler</a> from startup_m480.o(.text) referenced from startup_m480.o(RESET)
 <LI><a href="#[53]">USCI1_IRQHandler</a> from startup_m480.o(.text) referenced from startup_m480.o(RESET)
 <LI><a href="#[5]">UsageFault_Handler</a> from startup_m480.o(.text) referenced from startup_m480.o(RESET)
 <LI><a href="#[12]">WDT_IRQHandler</a> from startup_m480.o(.text) referenced from startup_m480.o(RESET)
 <LI><a href="#[13]">WWDT_IRQHandler</a> from startup_m480.o(.text) referenced from startup_m480.o(RESET)
 <LI><a href="#[6d]">__main</a> from entry.o(.ARM.Collect$$$$00000000) referenced from startup_m480.o(.text)
 <LI><a href="#[6e]">fputc</a> from retarget.o(i.fputc) referenced from printfa.o(i.__0printf)
 <LI><a href="#[6a]">main</a> from main.o(i.main) referenced from entry9a.o(.ARM.Collect$$$$0000000B)
</UL>
<P>
<H3>
Global Symbols
</H3>
<P><STRONG><a name="[6d]"></a>__main</STRONG> (Thumb, 0 bytes, Stack size unknown bytes, entry.o(.ARM.Collect$$$$00000000))
<BR>[Address Reference Count : 1]<UL><LI> startup_m480.o(.text)
</UL>
<P><STRONG><a name="[9d]"></a>_main_stk</STRONG> (Thumb, 0 bytes, Stack size unknown bytes, entry2.o(.ARM.Collect$$$$00000001))

<P><STRONG><a name="[70]"></a>_main_scatterload</STRONG> (Thumb, 0 bytes, Stack size unknown bytes, entry5.o(.ARM.Collect$$$$00000004))
<BR><BR>[Calls]<UL><LI><a href="#[71]">&gt;&gt;</a>&nbsp;&nbsp;&nbsp;__scatterload
</UL>

<P><STRONG><a name="[7e]"></a>__main_after_scatterload</STRONG> (Thumb, 0 bytes, Stack size unknown bytes, entry5.o(.ARM.Collect$$$$00000004))
<BR><BR>[Called By]<UL><LI><a href="#[71]">&gt;&gt;</a>&nbsp;&nbsp;&nbsp;__scatterload
</UL>

<P><STRONG><a name="[9e]"></a>_main_clock</STRONG> (Thumb, 0 bytes, Stack size unknown bytes, entry7b.o(.ARM.Collect$$$$00000008))

<P><STRONG><a name="[9f]"></a>_main_cpp_init</STRONG> (Thumb, 0 bytes, Stack size unknown bytes, entry8b.o(.ARM.Collect$$$$0000000A))

<P><STRONG><a name="[a0]"></a>_main_init</STRONG> (Thumb, 0 bytes, Stack size unknown bytes, entry9a.o(.ARM.Collect$$$$0000000B))

<P><STRONG><a name="[a1]"></a>__rt_final_cpp</STRONG> (Thumb, 0 bytes, Stack size unknown bytes, entry10a.o(.ARM.Collect$$$$0000000D))

<P><STRONG><a name="[a2]"></a>__rt_final_exit</STRONG> (Thumb, 0 bytes, Stack size unknown bytes, entry11a.o(.ARM.Collect$$$$0000000F))

<P><STRONG><a name="[2]"></a>HardFault_Handler</STRONG> (Thumb, 24 bytes, Stack size 0 bytes, retarget.o(.emb_text))
<BR>[Address Reference Count : 1]<UL><LI> startup_m480.o(RESET)
</UL>
<P><STRONG><a name="[6f]"></a>Reset_Handler</STRONG> (Thumb, 64 bytes, Stack size 0 bytes, startup_m480.o(.text))

<P><STRONG><a name="[1]"></a>NMI_Handler</STRONG> (Thumb, 2 bytes, Stack size 0 bytes, startup_m480.o(.text))
<BR><BR>[Calls]<UL><LI><a href="#[1]">&gt;&gt;</a>&nbsp;&nbsp;&nbsp;NMI_Handler
</UL>
<BR>[Called By]<UL><LI><a href="#[1]">&gt;&gt;</a>&nbsp;&nbsp;&nbsp;NMI_Handler
</UL>
<BR>[Address Reference Count : 1]<UL><LI> startup_m480.o(RESET)
</UL>
<P><STRONG><a name="[3]"></a>MemManage_Handler</STRONG> (Thumb, 2 bytes, Stack size 0 bytes, startup_m480.o(.text))
<BR><BR>[Calls]<UL><LI><a href="#[3]">&gt;&gt;</a>&nbsp;&nbsp;&nbsp;MemManage_Handler
</UL>
<BR>[Called By]<UL><LI><a href="#[3]">&gt;&gt;</a>&nbsp;&nbsp;&nbsp;MemManage_Handler
</UL>
<BR>[Address Reference Count : 1]<UL><LI> startup_m480.o(RESET)
</UL>
<P><STRONG><a name="[4]"></a>BusFault_Handler</STRONG> (Thumb, 2 bytes, Stack size 0 bytes, startup_m480.o(.text))
<BR><BR>[Calls]<UL><LI><a href="#[4]">&gt;&gt;</a>&nbsp;&nbsp;&nbsp;BusFault_Handler
</UL>
<BR>[Called By]<UL><LI><a href="#[4]">&gt;&gt;</a>&nbsp;&nbsp;&nbsp;BusFault_Handler
</UL>
<BR>[Address Reference Count : 1]<UL><LI> startup_m480.o(RESET)
</UL>
<P><STRONG><a name="[5]"></a>UsageFault_Handler</STRONG> (Thumb, 2 bytes, Stack size 0 bytes, startup_m480.o(.text))
<BR><BR>[Calls]<UL><LI><a href="#[5]">&gt;&gt;</a>&nbsp;&nbsp;&nbsp;UsageFault_Handler
</UL>
<BR>[Called By]<UL><LI><a href="#[5]">&gt;&gt;</a>&nbsp;&nbsp;&nbsp;UsageFault_Handler
</UL>
<BR>[Address Reference Count : 1]<UL><LI> startup_m480.o(RESET)
</UL>
<P><STRONG><a name="[6]"></a>SVC_Handler</STRONG> (Thumb, 2 bytes, Stack size 0 bytes, startup_m480.o(.text))
<BR><BR>[Calls]<UL><LI><a href="#[6]">&gt;&gt;</a>&nbsp;&nbsp;&nbsp;SVC_Handler
</UL>
<BR>[Called By]<UL><LI><a href="#[6]">&gt;&gt;</a>&nbsp;&nbsp;&nbsp;SVC_Handler
</UL>
<BR>[Address Reference Count : 1]<UL><LI> startup_m480.o(RESET)
</UL>
<P><STRONG><a name="[7]"></a>DebugMon_Handler</STRONG> (Thumb, 2 bytes, Stack size 0 bytes, startup_m480.o(.text))
<BR><BR>[Calls]<UL><LI><a href="#[7]">&gt;&gt;</a>&nbsp;&nbsp;&nbsp;DebugMon_Handler
</UL>
<BR>[Called By]<UL><LI><a href="#[7]">&gt;&gt;</a>&nbsp;&nbsp;&nbsp;DebugMon_Handler
</UL>
<BR>[Address Reference Count : 1]<UL><LI> startup_m480.o(RESET)
</UL>
<P><STRONG><a name="[8]"></a>PendSV_Handler</STRONG> (Thumb, 2 bytes, Stack size 0 bytes, startup_m480.o(.text))
<BR><BR>[Calls]<UL><LI><a href="#[8]">&gt;&gt;</a>&nbsp;&nbsp;&nbsp;PendSV_Handler
</UL>
<BR>[Called By]<UL><LI><a href="#[8]">&gt;&gt;</a>&nbsp;&nbsp;&nbsp;PendSV_Handler
</UL>
<BR>[Address Reference Count : 1]<UL><LI> startup_m480.o(RESET)
</UL>
<P><STRONG><a name="[9]"></a>SysTick_Handler</STRONG> (Thumb, 2 bytes, Stack size 0 bytes, startup_m480.o(.text))
<BR><BR>[Calls]<UL><LI><a href="#[9]">&gt;&gt;</a>&nbsp;&nbsp;&nbsp;SysTick_Handler
</UL>
<BR>[Called By]<UL><LI><a href="#[9]">&gt;&gt;</a>&nbsp;&nbsp;&nbsp;SysTick_Handler
</UL>
<BR>[Address Reference Count : 1]<UL><LI> startup_m480.o(RESET)
</UL>
<P><STRONG><a name="[36]"></a>ACMP01_IRQHandler</STRONG> (Thumb, 0 bytes, Stack size 0 bytes, startup_m480.o(.text))
<BR>[Address Reference Count : 1]<UL><LI> startup_m480.o(RESET)
</UL>
<P><STRONG><a name="[a]"></a>BOD_IRQHandler</STRONG> (Thumb, 0 bytes, Stack size 0 bytes, startup_m480.o(.text))
<BR>[Address Reference Count : 1]<UL><LI> startup_m480.o(RESET)
</UL>
<P><STRONG><a name="[54]"></a>BPWM0_IRQHandler</STRONG> (Thumb, 0 bytes, Stack size 0 bytes, startup_m480.o(.text))
<BR>[Address Reference Count : 1]<UL><LI> startup_m480.o(RESET)
</UL>
<P><STRONG><a name="[55]"></a>BPWM1_IRQHandler</STRONG> (Thumb, 0 bytes, Stack size 0 bytes, startup_m480.o(.text))
<BR>[Address Reference Count : 1]<UL><LI> startup_m480.o(RESET)
</UL>
<P><STRONG><a name="[22]"></a>BRAKE0_IRQHandler</STRONG> (Thumb, 0 bytes, Stack size 0 bytes, startup_m480.o(.text))
<BR>[Address Reference Count : 1]<UL><LI> startup_m480.o(RESET)
</UL>
<P><STRONG><a name="[26]"></a>BRAKE1_IRQHandler</STRONG> (Thumb, 0 bytes, Stack size 0 bytes, startup_m480.o(.text))
<BR>[Address Reference Count : 1]<UL><LI> startup_m480.o(RESET)
</UL>
<P><STRONG><a name="[41]"></a>CAN0_IRQHandler</STRONG> (Thumb, 0 bytes, Stack size 0 bytes, startup_m480.o(.text))
<BR>[Address Reference Count : 1]<UL><LI> startup_m480.o(RESET)
</UL>
<P><STRONG><a name="[42]"></a>CAN1_IRQHandler</STRONG> (Thumb, 0 bytes, Stack size 0 bytes, startup_m480.o(.text))
<BR>[Address Reference Count : 1]<UL><LI> startup_m480.o(RESET)
</UL>
<P><STRONG><a name="[69]"></a>CAN2_IRQHandler</STRONG> (Thumb, 0 bytes, Stack size 0 bytes, startup_m480.o(.text))
<BR>[Address Reference Count : 1]<UL><LI> startup_m480.o(RESET)
</UL>
<P><STRONG><a name="[57]"></a>CCAP_IRQHandler</STRONG> (Thumb, 0 bytes, Stack size 0 bytes, startup_m480.o(.text))
<BR>[Address Reference Count : 1]<UL><LI> startup_m480.o(RESET)
</UL>
<P><STRONG><a name="[e]"></a>CKFAIL_IRQHandler</STRONG> (Thumb, 0 bytes, Stack size 0 bytes, startup_m480.o(.text))
<BR>[Address Reference Count : 1]<UL><LI> startup_m480.o(RESET)
</UL>
<P><STRONG><a name="[4d]"></a>CRYPTO_IRQHandler</STRONG> (Thumb, 0 bytes, Stack size 0 bytes, startup_m480.o(.text))
<BR>[Address Reference Count : 1]<UL><LI> startup_m480.o(RESET)
</UL>
<P><STRONG><a name="[33]"></a>DAC_IRQHandler</STRONG> (Thumb, 0 bytes, Stack size 0 bytes, startup_m480.o(.text))
<BR>[Address Reference Count : 1]<UL><LI> startup_m480.o(RESET)
</UL>
<P><STRONG><a name="[35]"></a>EADC01_IRQHandler</STRONG> (Thumb, 0 bytes, Stack size 0 bytes, startup_m480.o(.text))
<BR>[Address Reference Count : 1]<UL><LI> startup_m480.o(RESET)
</UL>
<P><STRONG><a name="[37]"></a>EADC02_IRQHandler</STRONG> (Thumb, 0 bytes, Stack size 0 bytes, startup_m480.o(.text))
<BR>[Address Reference Count : 1]<UL><LI> startup_m480.o(RESET)
</UL>
<P><STRONG><a name="[38]"></a>EADC03_IRQHandler</STRONG> (Thumb, 0 bytes, Stack size 0 bytes, startup_m480.o(.text))
<BR>[Address Reference Count : 1]<UL><LI> startup_m480.o(RESET)
</UL>
<P><STRONG><a name="[65]"></a>EADC10_IRQHandler</STRONG> (Thumb, 0 bytes, Stack size 0 bytes, startup_m480.o(.text))
<BR>[Address Reference Count : 1]<UL><LI> startup_m480.o(RESET)
</UL>
<P><STRONG><a name="[66]"></a>EADC11_IRQHandler</STRONG> (Thumb, 0 bytes, Stack size 0 bytes, startup_m480.o(.text))
<BR>[Address Reference Count : 1]<UL><LI> startup_m480.o(RESET)
</UL>
<P><STRONG><a name="[67]"></a>EADC12_IRQHandler</STRONG> (Thumb, 0 bytes, Stack size 0 bytes, startup_m480.o(.text))
<BR>[Address Reference Count : 1]<UL><LI> startup_m480.o(RESET)
</UL>
<P><STRONG><a name="[68]"></a>EADC13_IRQHandler</STRONG> (Thumb, 0 bytes, Stack size 0 bytes, startup_m480.o(.text))
<BR>[Address Reference Count : 1]<UL><LI> startup_m480.o(RESET)
</UL>
<P><STRONG><a name="[5b]"></a>ECAP0_IRQHandler</STRONG> (Thumb, 0 bytes, Stack size 0 bytes, startup_m480.o(.text))
<BR>[Address Reference Count : 1]<UL><LI> startup_m480.o(RESET)
</UL>
<P><STRONG><a name="[5c]"></a>ECAP1_IRQHandler</STRONG> (Thumb, 0 bytes, Stack size 0 bytes, startup_m480.o(.text))
<BR>[Address Reference Count : 1]<UL><LI> startup_m480.o(RESET)
</UL>
<P><STRONG><a name="[60]"></a>EHCI_IRQHandler</STRONG> (Thumb, 0 bytes, Stack size 0 bytes, startup_m480.o(.text))
<BR>[Address Reference Count : 1]<UL><LI> startup_m480.o(RESET)
</UL>
<P><STRONG><a name="[14]"></a>EINT0_IRQHandler</STRONG> (Thumb, 0 bytes, Stack size 0 bytes, startup_m480.o(.text))
<BR>[Address Reference Count : 1]<UL><LI> startup_m480.o(RESET)
</UL>
<P><STRONG><a name="[15]"></a>EINT1_IRQHandler</STRONG> (Thumb, 0 bytes, Stack size 0 bytes, startup_m480.o(.text))
<BR>[Address Reference Count : 1]<UL><LI> startup_m480.o(RESET)
</UL>
<P><STRONG><a name="[16]"></a>EINT2_IRQHandler</STRONG> (Thumb, 0 bytes, Stack size 0 bytes, startup_m480.o(.text))
<BR>[Address Reference Count : 1]<UL><LI> startup_m480.o(RESET)
</UL>
<P><STRONG><a name="[17]"></a>EINT3_IRQHandler</STRONG> (Thumb, 0 bytes, Stack size 0 bytes, startup_m480.o(.text))
<BR>[Address Reference Count : 1]<UL><LI> startup_m480.o(RESET)
</UL>
<P><STRONG><a name="[18]"></a>EINT4_IRQHandler</STRONG> (Thumb, 0 bytes, Stack size 0 bytes, startup_m480.o(.text))
<BR>[Address Reference Count : 1]<UL><LI> startup_m480.o(RESET)
</UL>
<P><STRONG><a name="[19]"></a>EINT5_IRQHandler</STRONG> (Thumb, 0 bytes, Stack size 0 bytes, startup_m480.o(.text))
<BR>[Address Reference Count : 1]<UL><LI> startup_m480.o(RESET)
</UL>
<P><STRONG><a name="[4f]"></a>EINT6_IRQHandler</STRONG> (Thumb, 0 bytes, Stack size 0 bytes, startup_m480.o(.text))
<BR>[Address Reference Count : 1]<UL><LI> startup_m480.o(RESET)
</UL>
<P><STRONG><a name="[5e]"></a>EINT7_IRQHandler</STRONG> (Thumb, 0 bytes, Stack size 0 bytes, startup_m480.o(.text))
<BR>[Address Reference Count : 1]<UL><LI> startup_m480.o(RESET)
</UL>
<P><STRONG><a name="[4a]"></a>EMAC_RX_IRQHandler</STRONG> (Thumb, 0 bytes, Stack size 0 bytes, startup_m480.o(.text))
<BR>[Address Reference Count : 1]<UL><LI> startup_m480.o(RESET)
</UL>
<P><STRONG><a name="[49]"></a>EMAC_TX_IRQHandler</STRONG> (Thumb, 0 bytes, Stack size 0 bytes, startup_m480.o(.text))
<BR>[Address Reference Count : 1]<UL><LI> startup_m480.o(RESET)
</UL>
<P><STRONG><a name="[23]"></a>EPWM0P0_IRQHandler</STRONG> (Thumb, 0 bytes, Stack size 0 bytes, startup_m480.o(.text))
<BR>[Address Reference Count : 1]<UL><LI> startup_m480.o(RESET)
</UL>
<P><STRONG><a name="[24]"></a>EPWM0P1_IRQHandler</STRONG> (Thumb, 0 bytes, Stack size 0 bytes, startup_m480.o(.text))
<BR>[Address Reference Count : 1]<UL><LI> startup_m480.o(RESET)
</UL>
<P><STRONG><a name="[25]"></a>EPWM0P2_IRQHandler</STRONG> (Thumb, 0 bytes, Stack size 0 bytes, startup_m480.o(.text))
<BR>[Address Reference Count : 1]<UL><LI> startup_m480.o(RESET)
</UL>
<P><STRONG><a name="[27]"></a>EPWM1P0_IRQHandler</STRONG> (Thumb, 0 bytes, Stack size 0 bytes, startup_m480.o(.text))
<BR>[Address Reference Count : 1]<UL><LI> startup_m480.o(RESET)
</UL>
<P><STRONG><a name="[28]"></a>EPWM1P1_IRQHandler</STRONG> (Thumb, 0 bytes, Stack size 0 bytes, startup_m480.o(.text))
<BR>[Address Reference Count : 1]<UL><LI> startup_m480.o(RESET)
</UL>
<P><STRONG><a name="[29]"></a>EPWM1P2_IRQHandler</STRONG> (Thumb, 0 bytes, Stack size 0 bytes, startup_m480.o(.text))
<BR>[Address Reference Count : 1]<UL><LI> startup_m480.o(RESET)
</UL>
<P><STRONG><a name="[1a]"></a>GPA_IRQHandler</STRONG> (Thumb, 0 bytes, Stack size 0 bytes, startup_m480.o(.text))
<BR>[Address Reference Count : 1]<UL><LI> startup_m480.o(RESET)
</UL>
<P><STRONG><a name="[1b]"></a>GPB_IRQHandler</STRONG> (Thumb, 0 bytes, Stack size 0 bytes, startup_m480.o(.text))
<BR>[Address Reference Count : 1]<UL><LI> startup_m480.o(RESET)
</UL>
<P><STRONG><a name="[1c]"></a>GPC_IRQHandler</STRONG> (Thumb, 0 bytes, Stack size 0 bytes, startup_m480.o(.text))
<BR>[Address Reference Count : 1]<UL><LI> startup_m480.o(RESET)
</UL>
<P><STRONG><a name="[1d]"></a>GPD_IRQHandler</STRONG> (Thumb, 0 bytes, Stack size 0 bytes, startup_m480.o(.text))
<BR>[Address Reference Count : 1]<UL><LI> startup_m480.o(RESET)
</UL>
<P><STRONG><a name="[1e]"></a>GPE_IRQHandler</STRONG> (Thumb, 0 bytes, Stack size 0 bytes, startup_m480.o(.text))
<BR>[Address Reference Count : 1]<UL><LI> startup_m480.o(RESET)
</UL>
<P><STRONG><a name="[1f]"></a>GPF_IRQHandler</STRONG> (Thumb, 0 bytes, Stack size 0 bytes, startup_m480.o(.text))
<BR>[Address Reference Count : 1]<UL><LI> startup_m480.o(RESET)
</UL>
<P><STRONG><a name="[4e]"></a>GPG_IRQHandler</STRONG> (Thumb, 0 bytes, Stack size 0 bytes, startup_m480.o(.text))
<BR>[Address Reference Count : 1]<UL><LI> startup_m480.o(RESET)
</UL>
<P><STRONG><a name="[5d]"></a>GPH_IRQHandler</STRONG> (Thumb, 0 bytes, Stack size 0 bytes, startup_m480.o(.text))
<BR>[Address Reference Count : 1]<UL><LI> startup_m480.o(RESET)
</UL>
<P><STRONG><a name="[30]"></a>I2C0_IRQHandler</STRONG> (Thumb, 0 bytes, Stack size 0 bytes, startup_m480.o(.text))
<BR>[Address Reference Count : 1]<UL><LI> startup_m480.o(RESET)
</UL>
<P><STRONG><a name="[31]"></a>I2C1_IRQHandler</STRONG> (Thumb, 0 bytes, Stack size 0 bytes, startup_m480.o(.text))
<BR>[Address Reference Count : 1]<UL><LI> startup_m480.o(RESET)
</UL>
<P><STRONG><a name="[58]"></a>I2C2_IRQHandler</STRONG> (Thumb, 0 bytes, Stack size 0 bytes, startup_m480.o(.text))
<BR>[Address Reference Count : 1]<UL><LI> startup_m480.o(RESET)
</UL>
<P><STRONG><a name="[4b]"></a>I2S0_IRQHandler</STRONG> (Thumb, 0 bytes, Stack size 0 bytes, startup_m480.o(.text))
<BR>[Address Reference Count : 1]<UL><LI> startup_m480.o(RESET)
</UL>
<P><STRONG><a name="[b]"></a>IRC_IRQHandler</STRONG> (Thumb, 0 bytes, Stack size 0 bytes, startup_m480.o(.text))
<BR>[Address Reference Count : 1]<UL><LI> startup_m480.o(RESET)
</UL>
<P><STRONG><a name="[3f]"></a>OHCI_IRQHandler</STRONG> (Thumb, 0 bytes, Stack size 0 bytes, startup_m480.o(.text))
<BR>[Address Reference Count : 1]<UL><LI> startup_m480.o(RESET)
</UL>
<P><STRONG><a name="[4c]"></a>OPA0_IRQHandler</STRONG> (Thumb, 0 bytes, Stack size 0 bytes, startup_m480.o(.text))
<BR>[Address Reference Count : 1]<UL><LI> startup_m480.o(RESET)
</UL>
<P><STRONG><a name="[32]"></a>PDMA_IRQHandler</STRONG> (Thumb, 0 bytes, Stack size 0 bytes, startup_m480.o(.text))
<BR>[Address Reference Count : 1]<UL><LI> startup_m480.o(RESET)
</UL>
<P><STRONG><a name="[c]"></a>PWRWU_IRQHandler</STRONG> (Thumb, 0 bytes, Stack size 0 bytes, startup_m480.o(.text))
<BR>[Address Reference Count : 1]<UL><LI> startup_m480.o(RESET)
</UL>
<P><STRONG><a name="[59]"></a>QEI0_IRQHandler</STRONG> (Thumb, 0 bytes, Stack size 0 bytes, startup_m480.o(.text))
<BR>[Address Reference Count : 1]<UL><LI> startup_m480.o(RESET)
</UL>
<P><STRONG><a name="[5a]"></a>QEI1_IRQHandler</STRONG> (Thumb, 0 bytes, Stack size 0 bytes, startup_m480.o(.text))
<BR>[Address Reference Count : 1]<UL><LI> startup_m480.o(RESET)
</UL>
<P><STRONG><a name="[20]"></a>QSPI0_IRQHandler</STRONG> (Thumb, 0 bytes, Stack size 0 bytes, startup_m480.o(.text))
<BR>[Address Reference Count : 1]<UL><LI> startup_m480.o(RESET)
</UL>
<P><STRONG><a name="[3b]"></a>QSPI1_IRQHandler</STRONG> (Thumb, 0 bytes, Stack size 0 bytes, startup_m480.o(.text))
<BR>[Address Reference Count : 1]<UL><LI> startup_m480.o(RESET)
</UL>
<P><STRONG><a name="[d]"></a>RAMPE_IRQHandler</STRONG> (Thumb, 0 bytes, Stack size 0 bytes, startup_m480.o(.text))
<BR>[Address Reference Count : 1]<UL><LI> startup_m480.o(RESET)
</UL>
<P><STRONG><a name="[10]"></a>RTC_IRQHandler</STRONG> (Thumb, 0 bytes, Stack size 0 bytes, startup_m480.o(.text))
<BR>[Address Reference Count : 1]<UL><LI> startup_m480.o(RESET)
</UL>
<P><STRONG><a name="[43]"></a>SC0_IRQHandler</STRONG> (Thumb, 0 bytes, Stack size 0 bytes, startup_m480.o(.text))
<BR>[Address Reference Count : 1]<UL><LI> startup_m480.o(RESET)
</UL>
<P><STRONG><a name="[44]"></a>SC1_IRQHandler</STRONG> (Thumb, 0 bytes, Stack size 0 bytes, startup_m480.o(.text))
<BR>[Address Reference Count : 1]<UL><LI> startup_m480.o(RESET)
</UL>
<P><STRONG><a name="[45]"></a>SC2_IRQHandler</STRONG> (Thumb, 0 bytes, Stack size 0 bytes, startup_m480.o(.text))
<BR>[Address Reference Count : 1]<UL><LI> startup_m480.o(RESET)
</UL>
<P><STRONG><a name="[47]"></a>SDH0_IRQHandler</STRONG> (Thumb, 0 bytes, Stack size 0 bytes, startup_m480.o(.text))
<BR>[Address Reference Count : 1]<UL><LI> startup_m480.o(RESET)
</UL>
<P><STRONG><a name="[5f]"></a>SDH1_IRQHandler</STRONG> (Thumb, 0 bytes, Stack size 0 bytes, startup_m480.o(.text))
<BR>[Address Reference Count : 1]<UL><LI> startup_m480.o(RESET)
</UL>
<P><STRONG><a name="[21]"></a>SPI0_IRQHandler</STRONG> (Thumb, 0 bytes, Stack size 0 bytes, startup_m480.o(.text))
<BR>[Address Reference Count : 1]<UL><LI> startup_m480.o(RESET)
</UL>
<P><STRONG><a name="[3c]"></a>SPI1_IRQHandler</STRONG> (Thumb, 0 bytes, Stack size 0 bytes, startup_m480.o(.text))
<BR>[Address Reference Count : 1]<UL><LI> startup_m480.o(RESET)
</UL>
<P><STRONG><a name="[3d]"></a>SPI2_IRQHandler</STRONG> (Thumb, 0 bytes, Stack size 0 bytes, startup_m480.o(.text))
<BR>[Address Reference Count : 1]<UL><LI> startup_m480.o(RESET)
</UL>
<P><STRONG><a name="[46]"></a>SPI3_IRQHandler</STRONG> (Thumb, 0 bytes, Stack size 0 bytes, startup_m480.o(.text))
<BR>[Address Reference Count : 1]<UL><LI> startup_m480.o(RESET)
</UL>
<P><STRONG><a name="[56]"></a>SPIM_IRQHandler</STRONG> (Thumb, 0 bytes, Stack size 0 bytes, startup_m480.o(.text))
<BR>[Address Reference Count : 1]<UL><LI> startup_m480.o(RESET)
</UL>
<P><STRONG><a name="[11]"></a>TAMPER_IRQHandler</STRONG> (Thumb, 0 bytes, Stack size 0 bytes, startup_m480.o(.text))
<BR>[Address Reference Count : 1]<UL><LI> startup_m480.o(RESET)
</UL>
<P><STRONG><a name="[2a]"></a>TMR0_IRQHandler</STRONG> (Thumb, 0 bytes, Stack size 0 bytes, startup_m480.o(.text))
<BR>[Address Reference Count : 1]<UL><LI> startup_m480.o(RESET)
</UL>
<P><STRONG><a name="[2b]"></a>TMR1_IRQHandler</STRONG> (Thumb, 0 bytes, Stack size 0 bytes, startup_m480.o(.text))
<BR>[Address Reference Count : 1]<UL><LI> startup_m480.o(RESET)
</UL>
<P><STRONG><a name="[2c]"></a>TMR2_IRQHandler</STRONG> (Thumb, 0 bytes, Stack size 0 bytes, startup_m480.o(.text))
<BR>[Address Reference Count : 1]<UL><LI> startup_m480.o(RESET)
</UL>
<P><STRONG><a name="[2d]"></a>TMR3_IRQHandler</STRONG> (Thumb, 0 bytes, Stack size 0 bytes, startup_m480.o(.text))
<BR>[Address Reference Count : 1]<UL><LI> startup_m480.o(RESET)
</UL>
<P><STRONG><a name="[62]"></a>TRNG_IRQHandler</STRONG> (Thumb, 0 bytes, Stack size 0 bytes, startup_m480.o(.text))
<BR>[Address Reference Count : 1]<UL><LI> startup_m480.o(RESET)
</UL>
<P><STRONG><a name="[2e]"></a>UART0_IRQHandler</STRONG> (Thumb, 0 bytes, Stack size 0 bytes, startup_m480.o(.text))
<BR>[Address Reference Count : 1]<UL><LI> startup_m480.o(RESET)
</UL>
<P><STRONG><a name="[2f]"></a>UART1_IRQHandler</STRONG> (Thumb, 0 bytes, Stack size 0 bytes, startup_m480.o(.text))
<BR>[Address Reference Count : 1]<UL><LI> startup_m480.o(RESET)
</UL>
<P><STRONG><a name="[39]"></a>UART2_IRQHandler</STRONG> (Thumb, 0 bytes, Stack size 0 bytes, startup_m480.o(.text))
<BR>[Address Reference Count : 1]<UL><LI> startup_m480.o(RESET)
</UL>
<P><STRONG><a name="[3a]"></a>UART3_IRQHandler</STRONG> (Thumb, 0 bytes, Stack size 0 bytes, startup_m480.o(.text))
<BR>[Address Reference Count : 1]<UL><LI> startup_m480.o(RESET)
</UL>
<P><STRONG><a name="[50]"></a>UART4_IRQHandler</STRONG> (Thumb, 0 bytes, Stack size 0 bytes, startup_m480.o(.text))
<BR>[Address Reference Count : 1]<UL><LI> startup_m480.o(RESET)
</UL>
<P><STRONG><a name="[51]"></a>UART5_IRQHandler</STRONG> (Thumb, 0 bytes, Stack size 0 bytes, startup_m480.o(.text))
<BR>[Address Reference Count : 1]<UL><LI> startup_m480.o(RESET)
</UL>
<P><STRONG><a name="[63]"></a>UART6_IRQHandler</STRONG> (Thumb, 0 bytes, Stack size 0 bytes, startup_m480.o(.text))
<BR>[Address Reference Count : 1]<UL><LI> startup_m480.o(RESET)
</UL>
<P><STRONG><a name="[64]"></a>UART7_IRQHandler</STRONG> (Thumb, 0 bytes, Stack size 0 bytes, startup_m480.o(.text))
<BR>[Address Reference Count : 1]<UL><LI> startup_m480.o(RESET)
</UL>
<P><STRONG><a name="[48]"></a>USBD20_IRQHandler</STRONG> (Thumb, 0 bytes, Stack size 0 bytes, startup_m480.o(.text))
<BR>[Address Reference Count : 1]<UL><LI> startup_m480.o(RESET)
</UL>
<P><STRONG><a name="[3e]"></a>USBD_IRQHandler</STRONG> (Thumb, 0 bytes, Stack size 0 bytes, startup_m480.o(.text))
<BR>[Address Reference Count : 1]<UL><LI> startup_m480.o(RESET)
</UL>
<P><STRONG><a name="[61]"></a>USBOTG20_IRQHandler</STRONG> (Thumb, 0 bytes, Stack size 0 bytes, startup_m480.o(.text))
<BR>[Address Reference Count : 1]<UL><LI> startup_m480.o(RESET)
</UL>
<P><STRONG><a name="[40]"></a>USBOTG_IRQHandler</STRONG> (Thumb, 0 bytes, Stack size 0 bytes, startup_m480.o(.text))
<BR>[Address Reference Count : 1]<UL><LI> startup_m480.o(RESET)
</UL>
<P><STRONG><a name="[52]"></a>USCI0_IRQHandler</STRONG> (Thumb, 0 bytes, Stack size 0 bytes, startup_m480.o(.text))
<BR>[Address Reference Count : 1]<UL><LI> startup_m480.o(RESET)
</UL>
<P><STRONG><a name="[53]"></a>USCI1_IRQHandler</STRONG> (Thumb, 0 bytes, Stack size 0 bytes, startup_m480.o(.text))
<BR>[Address Reference Count : 1]<UL><LI> startup_m480.o(RESET)
</UL>
<P><STRONG><a name="[12]"></a>WDT_IRQHandler</STRONG> (Thumb, 0 bytes, Stack size 0 bytes, startup_m480.o(.text))
<BR>[Address Reference Count : 1]<UL><LI> startup_m480.o(RESET)
</UL>
<P><STRONG><a name="[13]"></a>WWDT_IRQHandler</STRONG> (Thumb, 0 bytes, Stack size 0 bytes, startup_m480.o(.text))
<BR>[Address Reference Count : 1]<UL><LI> startup_m480.o(RESET)
</UL>
<P><STRONG><a name="[8a]"></a>__aeabi_f2d</STRONG> (Thumb, 38 bytes, Stack size 0 bytes, f2d.o(.text))
<BR><BR>[Called By]<UL><LI><a href="#[86]">&gt;&gt;</a>&nbsp;&nbsp;&nbsp;EADC_FunctionTest
</UL>

<P><STRONG><a name="[a3]"></a>__aeabi_uidiv</STRONG> (Thumb, 0 bytes, Stack size 12 bytes, uidiv.o(.text), UNUSED)

<P><STRONG><a name="[9b]"></a>__aeabi_uidivmod</STRONG> (Thumb, 44 bytes, Stack size 12 bytes, uidiv.o(.text), UNUSED)
<BR><BR>[Called By]<UL><LI><a href="#[96]">&gt;&gt;</a>&nbsp;&nbsp;&nbsp;_printf_core
</UL>

<P><STRONG><a name="[72]"></a>__aeabi_uldivmod</STRONG> (Thumb, 98 bytes, Stack size 40 bytes, uldiv.o(.text), UNUSED)
<BR><BR>[Calls]<UL><LI><a href="#[73]">&gt;&gt;</a>&nbsp;&nbsp;&nbsp;__aeabi_llsr
<LI><a href="#[74]">&gt;&gt;</a>&nbsp;&nbsp;&nbsp;__aeabi_llsl
</UL>
<BR>[Called By]<UL><LI><a href="#[96]">&gt;&gt;</a>&nbsp;&nbsp;&nbsp;_printf_core
<LI><a href="#[97]">&gt;&gt;</a>&nbsp;&nbsp;&nbsp;_fp_digits
</UL>

<P><STRONG><a name="[a4]"></a>__I$use$fp</STRONG> (Thumb, 0 bytes, Stack size 48 bytes, iusefp.o(.text), UNUSED)

<P><STRONG><a name="[75]"></a>__aeabi_dadd</STRONG> (Thumb, 322 bytes, Stack size 48 bytes, dadd.o(.text), UNUSED)
<BR><BR>[Calls]<UL><LI><a href="#[76]">&gt;&gt;</a>&nbsp;&nbsp;&nbsp;__aeabi_lasr
<LI><a href="#[74]">&gt;&gt;</a>&nbsp;&nbsp;&nbsp;__aeabi_llsl
<LI><a href="#[78]">&gt;&gt;</a>&nbsp;&nbsp;&nbsp;_double_round
<LI><a href="#[77]">&gt;&gt;</a>&nbsp;&nbsp;&nbsp;_double_epilogue
</UL>
<BR>[Called By]<UL><LI><a href="#[97]">&gt;&gt;</a>&nbsp;&nbsp;&nbsp;_fp_digits
<LI><a href="#[7a]">&gt;&gt;</a>&nbsp;&nbsp;&nbsp;__aeabi_drsub
<LI><a href="#[79]">&gt;&gt;</a>&nbsp;&nbsp;&nbsp;__aeabi_dsub
</UL>

<P><STRONG><a name="[79]"></a>__aeabi_dsub</STRONG> (Thumb, 6 bytes, Stack size 0 bytes, dadd.o(.text), UNUSED)
<BR><BR>[Calls]<UL><LI><a href="#[75]">&gt;&gt;</a>&nbsp;&nbsp;&nbsp;__aeabi_dadd
</UL>

<P><STRONG><a name="[7a]"></a>__aeabi_drsub</STRONG> (Thumb, 6 bytes, Stack size 0 bytes, dadd.o(.text), UNUSED)
<BR><BR>[Calls]<UL><LI><a href="#[75]">&gt;&gt;</a>&nbsp;&nbsp;&nbsp;__aeabi_dadd
</UL>

<P><STRONG><a name="[7b]"></a>__aeabi_dmul</STRONG> (Thumb, 228 bytes, Stack size 48 bytes, dmul.o(.text), UNUSED)
<BR><BR>[Calls]<UL><LI><a href="#[77]">&gt;&gt;</a>&nbsp;&nbsp;&nbsp;_double_epilogue
</UL>
<BR>[Called By]<UL><LI><a href="#[97]">&gt;&gt;</a>&nbsp;&nbsp;&nbsp;_fp_digits
</UL>

<P><STRONG><a name="[7c]"></a>__aeabi_ddiv</STRONG> (Thumb, 222 bytes, Stack size 32 bytes, ddiv.o(.text), UNUSED)
<BR><BR>[Calls]<UL><LI><a href="#[78]">&gt;&gt;</a>&nbsp;&nbsp;&nbsp;_double_round
</UL>
<BR>[Called By]<UL><LI><a href="#[97]">&gt;&gt;</a>&nbsp;&nbsp;&nbsp;_fp_digits
</UL>

<P><STRONG><a name="[7d]"></a>__aeabi_d2ulz</STRONG> (Thumb, 48 bytes, Stack size 0 bytes, dfixul.o(.text), UNUSED)
<BR><BR>[Calls]<UL><LI><a href="#[73]">&gt;&gt;</a>&nbsp;&nbsp;&nbsp;__aeabi_llsr
<LI><a href="#[74]">&gt;&gt;</a>&nbsp;&nbsp;&nbsp;__aeabi_llsl
</UL>
<BR>[Called By]<UL><LI><a href="#[97]">&gt;&gt;</a>&nbsp;&nbsp;&nbsp;_fp_digits
</UL>

<P><STRONG><a name="[98]"></a>__aeabi_cdrcmple</STRONG> (Thumb, 48 bytes, Stack size 0 bytes, cdrcmple.o(.text), UNUSED)
<BR><BR>[Called By]<UL><LI><a href="#[97]">&gt;&gt;</a>&nbsp;&nbsp;&nbsp;_fp_digits
</UL>

<P><STRONG><a name="[71]"></a>__scatterload</STRONG> (Thumb, 28 bytes, Stack size 0 bytes, init.o(.text))
<BR><BR>[Calls]<UL><LI><a href="#[7e]">&gt;&gt;</a>&nbsp;&nbsp;&nbsp;__main_after_scatterload
</UL>
<BR>[Called By]<UL><LI><a href="#[70]">&gt;&gt;</a>&nbsp;&nbsp;&nbsp;_main_scatterload
</UL>

<P><STRONG><a name="[a5]"></a>__scatterload_rt2</STRONG> (Thumb, 0 bytes, Stack size 0 bytes, init.o(.text), UNUSED)

<P><STRONG><a name="[74]"></a>__aeabi_llsl</STRONG> (Thumb, 30 bytes, Stack size 0 bytes, llshl.o(.text), UNUSED)
<BR><BR>[Called By]<UL><LI><a href="#[75]">&gt;&gt;</a>&nbsp;&nbsp;&nbsp;__aeabi_dadd
<LI><a href="#[7d]">&gt;&gt;</a>&nbsp;&nbsp;&nbsp;__aeabi_d2ulz
<LI><a href="#[77]">&gt;&gt;</a>&nbsp;&nbsp;&nbsp;_double_epilogue
<LI><a href="#[72]">&gt;&gt;</a>&nbsp;&nbsp;&nbsp;__aeabi_uldivmod
</UL>

<P><STRONG><a name="[a6]"></a>_ll_shift_l</STRONG> (Thumb, 0 bytes, Stack size 0 bytes, llshl.o(.text), UNUSED)

<P><STRONG><a name="[73]"></a>__aeabi_llsr</STRONG> (Thumb, 32 bytes, Stack size 0 bytes, llushr.o(.text), UNUSED)
<BR><BR>[Called By]<UL><LI><a href="#[7d]">&gt;&gt;</a>&nbsp;&nbsp;&nbsp;__aeabi_d2ulz
<LI><a href="#[77]">&gt;&gt;</a>&nbsp;&nbsp;&nbsp;_double_epilogue
<LI><a href="#[72]">&gt;&gt;</a>&nbsp;&nbsp;&nbsp;__aeabi_uldivmod
</UL>

<P><STRONG><a name="[a7]"></a>_ll_ushift_r</STRONG> (Thumb, 0 bytes, Stack size 0 bytes, llushr.o(.text), UNUSED)

<P><STRONG><a name="[76]"></a>__aeabi_lasr</STRONG> (Thumb, 36 bytes, Stack size 0 bytes, llsshr.o(.text), UNUSED)
<BR><BR>[Called By]<UL><LI><a href="#[75]">&gt;&gt;</a>&nbsp;&nbsp;&nbsp;__aeabi_dadd
</UL>

<P><STRONG><a name="[a8]"></a>_ll_sshift_r</STRONG> (Thumb, 0 bytes, Stack size 0 bytes, llsshr.o(.text), UNUSED)

<P><STRONG><a name="[78]"></a>_double_round</STRONG> (Thumb, 30 bytes, Stack size 8 bytes, depilogue.o(.text), UNUSED)
<BR><BR>[Called By]<UL><LI><a href="#[7c]">&gt;&gt;</a>&nbsp;&nbsp;&nbsp;__aeabi_ddiv
<LI><a href="#[75]">&gt;&gt;</a>&nbsp;&nbsp;&nbsp;__aeabi_dadd
<LI><a href="#[77]">&gt;&gt;</a>&nbsp;&nbsp;&nbsp;_double_epilogue
</UL>

<P><STRONG><a name="[77]"></a>_double_epilogue</STRONG> (Thumb, 156 bytes, Stack size 32 bytes, depilogue.o(.text), UNUSED)
<BR><BR>[Calls]<UL><LI><a href="#[73]">&gt;&gt;</a>&nbsp;&nbsp;&nbsp;__aeabi_llsr
<LI><a href="#[74]">&gt;&gt;</a>&nbsp;&nbsp;&nbsp;__aeabi_llsl
<LI><a href="#[78]">&gt;&gt;</a>&nbsp;&nbsp;&nbsp;_double_round
</UL>
<BR>[Called By]<UL><LI><a href="#[7b]">&gt;&gt;</a>&nbsp;&nbsp;&nbsp;__aeabi_dmul
<LI><a href="#[75]">&gt;&gt;</a>&nbsp;&nbsp;&nbsp;__aeabi_dadd
</UL>

<P><STRONG><a name="[9c]"></a>CLK_DisableModuleClock</STRONG> (Thumb, 36 bytes, Stack size 8 bytes, clk.o(i.CLK_DisableModuleClock))
<BR><BR>[Stack]<UL><LI>Max Depth = 8<LI>Call Chain = CLK_DisableModuleClock
</UL>
<BR>[Called By]<UL><LI><a href="#[6a]">&gt;&gt;</a>&nbsp;&nbsp;&nbsp;main
</UL>

<P><STRONG><a name="[80]"></a>CLK_DisablePLL</STRONG> (Thumb, 18 bytes, Stack size 0 bytes, clk.o(i.CLK_DisablePLL))
<BR><BR>[Called By]<UL><LI><a href="#[7f]">&gt;&gt;</a>&nbsp;&nbsp;&nbsp;CLK_EnablePLL
</UL>

<P><STRONG><a name="[8e]"></a>CLK_EnableModuleClock</STRONG> (Thumb, 36 bytes, Stack size 8 bytes, clk.o(i.CLK_EnableModuleClock))
<BR><BR>[Stack]<UL><LI>Max Depth = 8<LI>Call Chain = CLK_EnableModuleClock
</UL>
<BR>[Called By]<UL><LI><a href="#[8c]">&gt;&gt;</a>&nbsp;&nbsp;&nbsp;SYS_Init
</UL>

<P><STRONG><a name="[7f]"></a>CLK_EnablePLL</STRONG> (Thumb, 374 bytes, Stack size 72 bytes, clk.o(i.CLK_EnablePLL))
<BR><BR>[Stack]<UL><LI>Max Depth = 96<LI>Call Chain = CLK_EnablePLL &rArr; CLK_GetPLLClockFreq
</UL>
<BR>[Calls]<UL><LI><a href="#[80]">&gt;&gt;</a>&nbsp;&nbsp;&nbsp;CLK_DisablePLL
<LI><a href="#[81]">&gt;&gt;</a>&nbsp;&nbsp;&nbsp;CLK_WaitClockReady
<LI><a href="#[82]">&gt;&gt;</a>&nbsp;&nbsp;&nbsp;CLK_GetPLLClockFreq
</UL>
<BR>[Called By]<UL><LI><a href="#[83]">&gt;&gt;</a>&nbsp;&nbsp;&nbsp;CLK_SetCoreClock
</UL>

<P><STRONG><a name="[8d]"></a>CLK_EnableXtalRC</STRONG> (Thumb, 16 bytes, Stack size 0 bytes, clk.o(i.CLK_EnableXtalRC))
<BR><BR>[Called By]<UL><LI><a href="#[8c]">&gt;&gt;</a>&nbsp;&nbsp;&nbsp;SYS_Init
</UL>

<P><STRONG><a name="[82]"></a>CLK_GetPLLClockFreq</STRONG> (Thumb, 104 bytes, Stack size 24 bytes, clk.o(i.CLK_GetPLLClockFreq))
<BR><BR>[Stack]<UL><LI>Max Depth = 24<LI>Call Chain = CLK_GetPLLClockFreq
</UL>
<BR>[Called By]<UL><LI><a href="#[7f]">&gt;&gt;</a>&nbsp;&nbsp;&nbsp;CLK_EnablePLL
<LI><a href="#[94]">&gt;&gt;</a>&nbsp;&nbsp;&nbsp;UART_Open
<LI><a href="#[85]">&gt;&gt;</a>&nbsp;&nbsp;&nbsp;SystemCoreClockUpdate
</UL>

<P><STRONG><a name="[83]"></a>CLK_SetCoreClock</STRONG> (Thumb, 154 bytes, Stack size 16 bytes, clk.o(i.CLK_SetCoreClock))
<BR><BR>[Stack]<UL><LI>Max Depth = 112<LI>Call Chain = CLK_SetCoreClock &rArr; CLK_EnablePLL &rArr; CLK_GetPLLClockFreq
</UL>
<BR>[Calls]<UL><LI><a href="#[7f]">&gt;&gt;</a>&nbsp;&nbsp;&nbsp;CLK_EnablePLL
<LI><a href="#[81]">&gt;&gt;</a>&nbsp;&nbsp;&nbsp;CLK_WaitClockReady
<LI><a href="#[84]">&gt;&gt;</a>&nbsp;&nbsp;&nbsp;CLK_SetHCLK
</UL>
<BR>[Called By]<UL><LI><a href="#[8c]">&gt;&gt;</a>&nbsp;&nbsp;&nbsp;SYS_Init
</UL>

<P><STRONG><a name="[84]"></a>CLK_SetHCLK</STRONG> (Thumb, 118 bytes, Stack size 16 bytes, clk.o(i.CLK_SetHCLK))
<BR><BR>[Stack]<UL><LI>Max Depth = 56<LI>Call Chain = CLK_SetHCLK &rArr; SystemCoreClockUpdate &rArr; CLK_GetPLLClockFreq
</UL>
<BR>[Calls]<UL><LI><a href="#[81]">&gt;&gt;</a>&nbsp;&nbsp;&nbsp;CLK_WaitClockReady
<LI><a href="#[85]">&gt;&gt;</a>&nbsp;&nbsp;&nbsp;SystemCoreClockUpdate
</UL>
<BR>[Called By]<UL><LI><a href="#[83]">&gt;&gt;</a>&nbsp;&nbsp;&nbsp;CLK_SetCoreClock
</UL>

<P><STRONG><a name="[8f]"></a>CLK_SetModuleClock</STRONG> (Thumb, 206 bytes, Stack size 20 bytes, clk.o(i.CLK_SetModuleClock))
<BR><BR>[Stack]<UL><LI>Max Depth = 20<LI>Call Chain = CLK_SetModuleClock
</UL>
<BR>[Called By]<UL><LI><a href="#[8c]">&gt;&gt;</a>&nbsp;&nbsp;&nbsp;SYS_Init
</UL>

<P><STRONG><a name="[81]"></a>CLK_WaitClockReady</STRONG> (Thumb, 36 bytes, Stack size 8 bytes, clk.o(i.CLK_WaitClockReady))
<BR><BR>[Stack]<UL><LI>Max Depth = 8<LI>Call Chain = CLK_WaitClockReady
</UL>
<BR>[Called By]<UL><LI><a href="#[7f]">&gt;&gt;</a>&nbsp;&nbsp;&nbsp;CLK_EnablePLL
<LI><a href="#[83]">&gt;&gt;</a>&nbsp;&nbsp;&nbsp;CLK_SetCoreClock
<LI><a href="#[8c]">&gt;&gt;</a>&nbsp;&nbsp;&nbsp;SYS_Init
<LI><a href="#[84]">&gt;&gt;</a>&nbsp;&nbsp;&nbsp;CLK_SetHCLK
</UL>

<P><STRONG><a name="[34]"></a>EADC00_IRQHandler</STRONG> (Thumb, 12 bytes, Stack size 0 bytes, main.o(i.EADC00_IRQHandler))
<BR>[Address Reference Count : 1]<UL><LI> startup_m480.o(RESET)
</UL>
<P><STRONG><a name="[86]"></a>EADC_FunctionTest</STRONG> (Thumb, 214 bytes, Stack size 24 bytes, main.o(i.EADC_FunctionTest))
<BR><BR>[Stack]<UL><LI>Max Depth = 48<LI>Call Chain = EADC_FunctionTest &rArr; __2printf
</UL>
<BR>[Calls]<UL><LI><a href="#[8a]">&gt;&gt;</a>&nbsp;&nbsp;&nbsp;__aeabi_f2d
<LI><a href="#[89]">&gt;&gt;</a>&nbsp;&nbsp;&nbsp;EADC_SetExtendSampleTime
<LI><a href="#[88]">&gt;&gt;</a>&nbsp;&nbsp;&nbsp;EADC_Open
<LI><a href="#[87]">&gt;&gt;</a>&nbsp;&nbsp;&nbsp;__2printf
</UL>
<BR>[Called By]<UL><LI><a href="#[6a]">&gt;&gt;</a>&nbsp;&nbsp;&nbsp;main
</UL>

<P><STRONG><a name="[88]"></a>EADC_Open</STRONG> (Thumb, 34 bytes, Stack size 0 bytes, eadc.o(i.EADC_Open))
<BR><BR>[Called By]<UL><LI><a href="#[86]">&gt;&gt;</a>&nbsp;&nbsp;&nbsp;EADC_FunctionTest
</UL>

<P><STRONG><a name="[89]"></a>EADC_SetExtendSampleTime</STRONG> (Thumb, 40 bytes, Stack size 8 bytes, eadc.o(i.EADC_SetExtendSampleTime))
<BR><BR>[Stack]<UL><LI>Max Depth = 8<LI>Call Chain = EADC_SetExtendSampleTime
</UL>
<BR>[Called By]<UL><LI><a href="#[86]">&gt;&gt;</a>&nbsp;&nbsp;&nbsp;EADC_FunctionTest
</UL>

<P><STRONG><a name="[6b]"></a>Hard_Fault_Handler</STRONG> (Thumb, 18 bytes, Stack size 0 bytes, retarget.o(i.Hard_Fault_Handler))
<BR><BR>[Stack]<UL><LI>Max Depth = 32<LI>Call Chain = Hard_Fault_Handler &rArr; stackDump &rArr; __2printf
</UL>
<BR>[Calls]<UL><LI><a href="#[8b]">&gt;&gt;</a>&nbsp;&nbsp;&nbsp;stackDump
<LI><a href="#[87]">&gt;&gt;</a>&nbsp;&nbsp;&nbsp;__2printf
</UL>
<BR>[Address Reference Count : 1]<UL><LI> retarget.o(.emb_text)
</UL>
<P><STRONG><a name="[8c]"></a>SYS_Init</STRONG> (Thumb, 110 bytes, Stack size 8 bytes, main.o(i.SYS_Init))
<BR><BR>[Stack]<UL><LI>Max Depth = 120<LI>Call Chain = SYS_Init &rArr; CLK_SetCoreClock &rArr; CLK_EnablePLL &rArr; CLK_GetPLLClockFreq
</UL>
<BR>[Calls]<UL><LI><a href="#[90]">&gt;&gt;</a>&nbsp;&nbsp;&nbsp;SYS_SetVRef
<LI><a href="#[81]">&gt;&gt;</a>&nbsp;&nbsp;&nbsp;CLK_WaitClockReady
<LI><a href="#[8f]">&gt;&gt;</a>&nbsp;&nbsp;&nbsp;CLK_SetModuleClock
<LI><a href="#[83]">&gt;&gt;</a>&nbsp;&nbsp;&nbsp;CLK_SetCoreClock
<LI><a href="#[8d]">&gt;&gt;</a>&nbsp;&nbsp;&nbsp;CLK_EnableXtalRC
<LI><a href="#[8e]">&gt;&gt;</a>&nbsp;&nbsp;&nbsp;CLK_EnableModuleClock
</UL>
<BR>[Called By]<UL><LI><a href="#[6a]">&gt;&gt;</a>&nbsp;&nbsp;&nbsp;main
</UL>

<P><STRONG><a name="[90]"></a>SYS_SetVRef</STRONG> (Thumb, 20 bytes, Stack size 0 bytes, sys.o(i.SYS_SetVRef))
<BR><BR>[Called By]<UL><LI><a href="#[8c]">&gt;&gt;</a>&nbsp;&nbsp;&nbsp;SYS_Init
</UL>

<P><STRONG><a name="[85]"></a>SystemCoreClockUpdate</STRONG> (Thumb, 74 bytes, Stack size 16 bytes, system_m480.o(i.SystemCoreClockUpdate))
<BR><BR>[Stack]<UL><LI>Max Depth = 40<LI>Call Chain = SystemCoreClockUpdate &rArr; CLK_GetPLLClockFreq
</UL>
<BR>[Calls]<UL><LI><a href="#[82]">&gt;&gt;</a>&nbsp;&nbsp;&nbsp;CLK_GetPLLClockFreq
</UL>
<BR>[Called By]<UL><LI><a href="#[84]">&gt;&gt;</a>&nbsp;&nbsp;&nbsp;CLK_SetHCLK
</UL>

<P><STRONG><a name="[6c]"></a>SystemInit</STRONG> (Thumb, 130 bytes, Stack size 0 bytes, system_m480.o(i.SystemInit))
<BR>[Address Reference Count : 1]<UL><LI> startup_m480.o(.text)
</UL>
<P><STRONG><a name="[93]"></a>UART0_Init</STRONG> (Thumb, 14 bytes, Stack size 8 bytes, main.o(i.UART0_Init))
<BR><BR>[Stack]<UL><LI>Max Depth = 72<LI>Call Chain = UART0_Init &rArr; UART_Open &rArr; CLK_GetPLLClockFreq
</UL>
<BR>[Calls]<UL><LI><a href="#[94]">&gt;&gt;</a>&nbsp;&nbsp;&nbsp;UART_Open
</UL>
<BR>[Called By]<UL><LI><a href="#[6a]">&gt;&gt;</a>&nbsp;&nbsp;&nbsp;main
</UL>

<P><STRONG><a name="[94]"></a>UART_Open</STRONG> (Thumb, 284 bytes, Stack size 40 bytes, uart.o(i.UART_Open))
<BR><BR>[Stack]<UL><LI>Max Depth = 64<LI>Call Chain = UART_Open &rArr; CLK_GetPLLClockFreq
</UL>
<BR>[Calls]<UL><LI><a href="#[82]">&gt;&gt;</a>&nbsp;&nbsp;&nbsp;CLK_GetPLLClockFreq
</UL>
<BR>[Called By]<UL><LI><a href="#[93]">&gt;&gt;</a>&nbsp;&nbsp;&nbsp;UART0_Init
</UL>

<P><STRONG><a name="[95]"></a>__0printf</STRONG> (Thumb, 22 bytes, Stack size 24 bytes, printfa.o(i.__0printf), UNUSED)
<BR><BR>[Calls]<UL><LI><a href="#[96]">&gt;&gt;</a>&nbsp;&nbsp;&nbsp;_printf_core
</UL>

<P><STRONG><a name="[a9]"></a>__1printf</STRONG> (Thumb, 0 bytes, Stack size 24 bytes, printfa.o(i.__0printf), UNUSED)

<P><STRONG><a name="[87]"></a>__2printf</STRONG> (Thumb, 0 bytes, Stack size 24 bytes, printfa.o(i.__0printf))
<BR><BR>[Stack]<UL><LI>Max Depth = 24<LI>Call Chain = __2printf
</UL>
<BR>[Called By]<UL><LI><a href="#[6b]">&gt;&gt;</a>&nbsp;&nbsp;&nbsp;Hard_Fault_Handler
<LI><a href="#[8b]">&gt;&gt;</a>&nbsp;&nbsp;&nbsp;stackDump
<LI><a href="#[6a]">&gt;&gt;</a>&nbsp;&nbsp;&nbsp;main
<LI><a href="#[86]">&gt;&gt;</a>&nbsp;&nbsp;&nbsp;EADC_FunctionTest
</UL>

<P><STRONG><a name="[aa]"></a>__c89printf</STRONG> (Thumb, 0 bytes, Stack size 24 bytes, printfa.o(i.__0printf), UNUSED)

<P><STRONG><a name="[ab]"></a>printf</STRONG> (Thumb, 0 bytes, Stack size 24 bytes, printfa.o(i.__0printf), UNUSED)

<P><STRONG><a name="[ac]"></a>__scatterload_copy</STRONG> (Thumb, 14 bytes, Stack size unknown bytes, handlers.o(i.__scatterload_copy), UNUSED)

<P><STRONG><a name="[ad]"></a>__scatterload_null</STRONG> (Thumb, 2 bytes, Stack size unknown bytes, handlers.o(i.__scatterload_null), UNUSED)

<P><STRONG><a name="[ae]"></a>__scatterload_zeroinit</STRONG> (Thumb, 14 bytes, Stack size unknown bytes, handlers.o(i.__scatterload_zeroinit), UNUSED)

<P><STRONG><a name="[6e]"></a>fputc</STRONG> (Thumb, 16 bytes, Stack size 16 bytes, retarget.o(i.fputc))
<BR><BR>[Stack]<UL><LI>Max Depth = 24<LI>Call Chain = fputc &rArr; SendChar
</UL>
<BR>[Calls]<UL><LI><a href="#[91]">&gt;&gt;</a>&nbsp;&nbsp;&nbsp;SendChar
</UL>
<BR>[Address Reference Count : 1]<UL><LI> printfa.o(i.__0printf)
</UL>
<P><STRONG><a name="[6a]"></a>main</STRONG> (Thumb, 106 bytes, Stack size 0 bytes, main.o(i.main))
<BR><BR>[Stack]<UL><LI>Max Depth = 120<LI>Call Chain = main &rArr; SYS_Init &rArr; CLK_SetCoreClock &rArr; CLK_EnablePLL &rArr; CLK_GetPLLClockFreq
</UL>
<BR>[Calls]<UL><LI><a href="#[9c]">&gt;&gt;</a>&nbsp;&nbsp;&nbsp;CLK_DisableModuleClock
<LI><a href="#[93]">&gt;&gt;</a>&nbsp;&nbsp;&nbsp;UART0_Init
<LI><a href="#[8c]">&gt;&gt;</a>&nbsp;&nbsp;&nbsp;SYS_Init
<LI><a href="#[86]">&gt;&gt;</a>&nbsp;&nbsp;&nbsp;EADC_FunctionTest
<LI><a href="#[87]">&gt;&gt;</a>&nbsp;&nbsp;&nbsp;__2printf
</UL>
<BR>[Address Reference Count : 1]<UL><LI> entry9a.o(.ARM.Collect$$$$0000000B)
</UL><P>
<H3>
Local Symbols
</H3>
<P><STRONG><a name="[f]"></a>Default_Handler</STRONG> (Thumb, 2 bytes, Stack size 0 bytes, startup_m480.o(.text))
<BR><BR>[Calls]<UL><LI><a href="#[f]">&gt;&gt;</a>&nbsp;&nbsp;&nbsp;Default_Handler
</UL>
<BR>[Called By]<UL><LI><a href="#[f]">&gt;&gt;</a>&nbsp;&nbsp;&nbsp;Default_Handler
</UL>
<BR>[Address Reference Count : 1]<UL><LI> startup_m480.o(RESET)
</UL>
<P><STRONG><a name="[91]"></a>SendChar</STRONG> (Thumb, 12 bytes, Stack size 8 bytes, retarget.o(i.SendChar))
<BR><BR>[Stack]<UL><LI>Max Depth = 8<LI>Call Chain = SendChar
</UL>
<BR>[Calls]<UL><LI><a href="#[92]">&gt;&gt;</a>&nbsp;&nbsp;&nbsp;SendChar_ToUART
</UL>
<BR>[Called By]<UL><LI><a href="#[6e]">&gt;&gt;</a>&nbsp;&nbsp;&nbsp;fputc
</UL>

<P><STRONG><a name="[92]"></a>SendChar_ToUART</STRONG> (Thumb, 44 bytes, Stack size 0 bytes, retarget.o(i.SendChar_ToUART))
<BR><BR>[Called By]<UL><LI><a href="#[91]">&gt;&gt;</a>&nbsp;&nbsp;&nbsp;SendChar
</UL>

<P><STRONG><a name="[8b]"></a>stackDump</STRONG> (Thumb, 70 bytes, Stack size 8 bytes, retarget.o(i.stackDump))
<BR><BR>[Stack]<UL><LI>Max Depth = 32<LI>Call Chain = stackDump &rArr; __2printf
</UL>
<BR>[Calls]<UL><LI><a href="#[87]">&gt;&gt;</a>&nbsp;&nbsp;&nbsp;__2printf
</UL>
<BR>[Called By]<UL><LI><a href="#[6b]">&gt;&gt;</a>&nbsp;&nbsp;&nbsp;Hard_Fault_Handler
</UL>

<P><STRONG><a name="[97]"></a>_fp_digits</STRONG> (Thumb, 366 bytes, Stack size 64 bytes, printfa.o(i._fp_digits), UNUSED)
<BR><BR>[Calls]<UL><LI><a href="#[7b]">&gt;&gt;</a>&nbsp;&nbsp;&nbsp;__aeabi_dmul
<LI><a href="#[7c]">&gt;&gt;</a>&nbsp;&nbsp;&nbsp;__aeabi_ddiv
<LI><a href="#[75]">&gt;&gt;</a>&nbsp;&nbsp;&nbsp;__aeabi_dadd
<LI><a href="#[7d]">&gt;&gt;</a>&nbsp;&nbsp;&nbsp;__aeabi_d2ulz
<LI><a href="#[98]">&gt;&gt;</a>&nbsp;&nbsp;&nbsp;__aeabi_cdrcmple
<LI><a href="#[72]">&gt;&gt;</a>&nbsp;&nbsp;&nbsp;__aeabi_uldivmod
</UL>
<BR>[Called By]<UL><LI><a href="#[96]">&gt;&gt;</a>&nbsp;&nbsp;&nbsp;_printf_core
</UL>

<P><STRONG><a name="[96]"></a>_printf_core</STRONG> (Thumb, 1744 bytes, Stack size 136 bytes, printfa.o(i._printf_core), UNUSED)
<BR><BR>[Calls]<UL><LI><a href="#[99]">&gt;&gt;</a>&nbsp;&nbsp;&nbsp;_printf_pre_padding
<LI><a href="#[9a]">&gt;&gt;</a>&nbsp;&nbsp;&nbsp;_printf_post_padding
<LI><a href="#[97]">&gt;&gt;</a>&nbsp;&nbsp;&nbsp;_fp_digits
<LI><a href="#[72]">&gt;&gt;</a>&nbsp;&nbsp;&nbsp;__aeabi_uldivmod
<LI><a href="#[9b]">&gt;&gt;</a>&nbsp;&nbsp;&nbsp;__aeabi_uidivmod
</UL>
<BR>[Called By]<UL><LI><a href="#[95]">&gt;&gt;</a>&nbsp;&nbsp;&nbsp;__0printf
</UL>

<P><STRONG><a name="[9a]"></a>_printf_post_padding</STRONG> (Thumb, 36 bytes, Stack size 24 bytes, printfa.o(i._printf_post_padding), UNUSED)
<BR><BR>[Called By]<UL><LI><a href="#[96]">&gt;&gt;</a>&nbsp;&nbsp;&nbsp;_printf_core
</UL>

<P><STRONG><a name="[99]"></a>_printf_pre_padding</STRONG> (Thumb, 46 bytes, Stack size 24 bytes, printfa.o(i._printf_pre_padding), UNUSED)
<BR><BR>[Called By]<UL><LI><a href="#[96]">&gt;&gt;</a>&nbsp;&nbsp;&nbsp;_printf_core
</UL>
<P>
<H3>
Undefined Global Symbols
</H3><HR></body></html>
