<html>
<body>
<pre>
<h1>µVision Build Log</h1>
<h2>Tool Versions:</h2>
IDE-Version: £gVision V5.31.0.0
Copyright (C) 2020 ARM Ltd and ARM Germany GmbH. All rights reserved.
License Information: su hongju, stust, LIC=----
 
Tool Versions:
Toolchain:       MDK-ARM Professional  Version: 5.31.0.0
Toolchain Path:  D:\ARM\ARMCC\Bin
C Compiler:      Armcc.exe V5.06 update 6 (build 750)
Assembler:       Armasm.exe V5.06 update 6 (build 750)
Linker/Locator:  ArmLink.exe V5.06 update 6 (build 750)
Library Manager: ArmAr.exe V5.06 update 6 (build 750)
Hex Converter:   FromElf.exe V5.06 update 6 (build 750)
CPU DLL:         SARMCM3.DLL V5.31.0.0
Dialog DLL:      DARMCM1.DLL V1.19.3.0
Target DLL:      Nu_Link.dll V3.02
Dialog DLL:      TARMCM1.DLL V1.14.2.0
 
<h2>Project:</h2>
C:\Users\user\Desktop\M487¥Î\M480_BSP_CMSIS_V3.05.000\SampleCode\CortexM4\DSP_FFT\KEIL\dsp_fft.uvproj
Project File Date:  09/01/2021

<h2>Output:</h2>
*** Using Compiler 'V5.06 update 6 (build 750)', folder: 'D:\ARM\ARMCC\Bin'
Build target 'dsp_fft'
creating preprocessor file for arm_fft_bin_data.c...
creating preprocessor file for fmc.c...
creating preprocessor file for retarget.c...
creating preprocessor file for clk.c...
creating preprocessor file for main.c...
creating preprocessor file for system_M480.c...
creating preprocessor file for sys.c...
creating preprocessor file for uart.c...
linking...
Program Size: Code=6020 RO-data=35396 RW-data=8260 ZI-data=6148  
After Build - User command #1: fromelf --bin ".\obj\dsp_fft.axf" --output ".\obj\dsp_fft.bin"
Warning: Q9931W: Your license for feature Keil will expire in 30 days
Finished: 0 information, 1 warning and 0 error messages.
After Build - User command #2: fromelf --text -c ".\obj\dsp_fft.axf" --output ".\obj\dsp_fft.txt"
Warning: Q9931W: Your license for feature Keil will expire in 30 days
Finished: 0 information, 1 warning and 0 error messages.
".\obj\dsp_fft.axf" - 0 Error(s), 0 Warning(s).
Build Time Elapsed:  00:00:01
</pre>
</body>
</html>
